Archive member included to satisfy reference by file (symbol)

/Applications/STM32CubeIDE.app/Contents/Eclipse/plugins/com.st.stm32cube.ide.mcu.externaltools.gnu-tools-for-stm32.13.3.rel1.macos64_1.0.0.202411102158/tools/bin/../lib/gcc/arm-none-eabi/13.3.1/../../../../arm-none-eabi/lib/thumb/v7e-m+fp/hard/libc_nano.a(libc_a-exit.o)
                              /Applications/STM32CubeIDE.app/Contents/Eclipse/plugins/com.st.stm32cube.ide.mcu.externaltools.gnu-tools-for-stm32.13.3.rel1.macos64_1.0.0.202411102158/tools/bin/../lib/gcc/arm-none-eabi/13.3.1/../../../../arm-none-eabi/lib/thumb/v7e-m+fp/hard/crt0.o (exit)
/Applications/STM32CubeIDE.app/Contents/Eclipse/plugins/com.st.stm32cube.ide.mcu.externaltools.gnu-tools-for-stm32.13.3.rel1.macos64_1.0.0.202411102158/tools/bin/../lib/gcc/arm-none-eabi/13.3.1/../../../../arm-none-eabi/lib/thumb/v7e-m+fp/hard/libc_nano.a(libc_a-findfp.o)
                              ./Middlewares/Third_Party/FreeRTOS/org/Source/tasks.o (__sf)
/Applications/STM32CubeIDE.app/Contents/Eclipse/plugins/com.st.stm32cube.ide.mcu.externaltools.gnu-tools-for-stm32.13.3.rel1.macos64_1.0.0.202411102158/tools/bin/../lib/gcc/arm-none-eabi/13.3.1/../../../../arm-none-eabi/lib/thumb/v7e-m+fp/hard/libc_nano.a(libc_a-fwalk.o)
                              /Applications/STM32CubeIDE.app/Contents/Eclipse/plugins/com.st.stm32cube.ide.mcu.externaltools.gnu-tools-for-stm32.13.3.rel1.macos64_1.0.0.202411102158/tools/bin/../lib/gcc/arm-none-eabi/13.3.1/../../../../arm-none-eabi/lib/thumb/v7e-m+fp/hard/libc_nano.a(libc_a-findfp.o) (_fwalk_sglue)
/Applications/STM32CubeIDE.app/Contents/Eclipse/plugins/com.st.stm32cube.ide.mcu.externaltools.gnu-tools-for-stm32.13.3.rel1.macos64_1.0.0.202411102158/tools/bin/../lib/gcc/arm-none-eabi/13.3.1/../../../../arm-none-eabi/lib/thumb/v7e-m+fp/hard/libc_nano.a(libc_a-memcmp.o)
                              ./SEGGER_RTT/SEGGER_OS/SEGGER_SYSVIEW_FreeRTOS.o (memcmp)
/Applications/STM32CubeIDE.app/Contents/Eclipse/plugins/com.st.stm32cube.ide.mcu.externaltools.gnu-tools-for-stm32.13.3.rel1.macos64_1.0.0.202411102158/tools/bin/../lib/gcc/arm-none-eabi/13.3.1/../../../../arm-none-eabi/lib/thumb/v7e-m+fp/hard/libc_nano.a(libc_a-memset.o)
                              /Applications/STM32CubeIDE.app/Contents/Eclipse/plugins/com.st.stm32cube.ide.mcu.externaltools.gnu-tools-for-stm32.13.3.rel1.macos64_1.0.0.202411102158/tools/bin/../lib/gcc/arm-none-eabi/13.3.1/../../../../arm-none-eabi/lib/thumb/v7e-m+fp/hard/crt0.o (memset)
/Applications/STM32CubeIDE.app/Contents/Eclipse/plugins/com.st.stm32cube.ide.mcu.externaltools.gnu-tools-for-stm32.13.3.rel1.macos64_1.0.0.202411102158/tools/bin/../lib/gcc/arm-none-eabi/13.3.1/../../../../arm-none-eabi/lib/thumb/v7e-m+fp/hard/libc_nano.a(libc_a-errno.o)
                              ./Core/Src/syscalls.o (__errno)
/Applications/STM32CubeIDE.app/Contents/Eclipse/plugins/com.st.stm32cube.ide.mcu.externaltools.gnu-tools-for-stm32.13.3.rel1.macos64_1.0.0.202411102158/tools/bin/../lib/gcc/arm-none-eabi/13.3.1/../../../../arm-none-eabi/lib/thumb/v7e-m+fp/hard/libc_nano.a(libc_a-init.o)
                              /Applications/STM32CubeIDE.app/Contents/Eclipse/plugins/com.st.stm32cube.ide.mcu.externaltools.gnu-tools-for-stm32.13.3.rel1.macos64_1.0.0.202411102158/tools/bin/../lib/gcc/arm-none-eabi/13.3.1/../../../../arm-none-eabi/lib/thumb/v7e-m+fp/hard/crt0.o (__libc_init_array)
/Applications/STM32CubeIDE.app/Contents/Eclipse/plugins/com.st.stm32cube.ide.mcu.externaltools.gnu-tools-for-stm32.13.3.rel1.macos64_1.0.0.202411102158/tools/bin/../lib/gcc/arm-none-eabi/13.3.1/../../../../arm-none-eabi/lib/thumb/v7e-m+fp/hard/libc_nano.a(libc_a-lock.o)
                              /Applications/STM32CubeIDE.app/Contents/Eclipse/plugins/com.st.stm32cube.ide.mcu.externaltools.gnu-tools-for-stm32.13.3.rel1.macos64_1.0.0.202411102158/tools/bin/../lib/gcc/arm-none-eabi/13.3.1/../../../../arm-none-eabi/lib/thumb/v7e-m+fp/hard/libc_nano.a(libc_a-findfp.o) (__retarget_lock_init_recursive)
/Applications/STM32CubeIDE.app/Contents/Eclipse/plugins/com.st.stm32cube.ide.mcu.externaltools.gnu-tools-for-stm32.13.3.rel1.macos64_1.0.0.202411102158/tools/bin/../lib/gcc/arm-none-eabi/13.3.1/../../../../arm-none-eabi/lib/thumb/v7e-m+fp/hard/libc_nano.a(libc_a-reent.o)
                              ./Middlewares/Third_Party/FreeRTOS/org/Source/tasks.o (_reclaim_reent)
/Applications/STM32CubeIDE.app/Contents/Eclipse/plugins/com.st.stm32cube.ide.mcu.externaltools.gnu-tools-for-stm32.13.3.rel1.macos64_1.0.0.202411102158/tools/bin/../lib/gcc/arm-none-eabi/13.3.1/../../../../arm-none-eabi/lib/thumb/v7e-m+fp/hard/libc_nano.a(libc_a-impure.o)
                              ./Middlewares/Third_Party/FreeRTOS/org/Source/tasks.o (_impure_ptr)
[...]
Memory Configuration

Name             Origin             Length             Attributes
CCMRAM           0x10000000         0x00010000         xrw
RAM              0x20000000         0x00020000         xrw
FLASH            0x08000000         0x00100000         xr
*default*        0x00000000         0xffffffff

Linker script and memory map

LOAD /Applications/STM32CubeIDE.app/Contents/Eclipse/plugins/com.st.stm32cube.ide.mcu.externaltools.gnu-tools-for-stm32.13.3.rel1.macos64_1.0.0.202411102158/tools/bin/../lib/gcc/arm-none-eabi/13.3.1/thumb/v7e-m+fp/hard/crti.o
LOAD /Applications/STM32CubeIDE.app/Contents/Eclipse/plugins/com.st.stm32cube.ide.mcu.externaltools.gnu-tools-for-stm32.13.3.rel1.macos64_1.0.0.202411102158/tools/bin/../lib/gcc/arm-none-eabi/13.3.1/thumb/v7e-m+fp/hard/crtbegin.o
LOAD /Applications/STM32CubeIDE.app/Contents/Eclipse/plugins/com.st.stm32cube.ide.mcu.externaltools.gnu-tools-for-stm32.13.3.rel1.macos64_1.0.0.202411102158/tools/bin/../lib/gcc/arm-none-eabi/13.3.1/../../../../arm-none-eabi/lib/thumb/v7e-m+fp/hard/crt0.o
LOAD ./Core/Src/FREE_RTOS_application.o
LOAD ./Core/Src/SEGGER_application.o
LOAD ./Core/Src/flash_application.o
LOAD ./Core/Src/freertos.o
LOAD ./Core/Src/led_application.o
LOAD ./Core/Src/main.o
LOAD ./Core/Src/stm32f4xx_hal_msp.o
LOAD ./Core/Src/stm32f4xx_hal_timebase_tim.o
LOAD ./Core/Src/stm32f4xx_it.o
LOAD ./Core/Src/stm32f4xx_ll_flash.o
LOAD ./Core/Src/syscalls.o
LOAD ./Core/Src/sysmem.o
LOAD ./Core/Src/system_stm32f4xx.o
LOAD ./Core/Startup/startup_stm32f407vgtx.o
LOAD ./Drivers/STM32F4xx_HAL_Driver/Src/stm32f4xx_hal.o
LOAD ./Drivers/STM32F4xx_HAL_Driver/Src/stm32f4xx_hal_cortex.o
LOAD ./Drivers/STM32F4xx_HAL_Driver/Src/stm32f4xx_hal_dma.o
LOAD ./Drivers/STM32F4xx_HAL_Driver/Src/stm32f4xx_hal_dma_ex.o
LOAD ./Drivers/STM32F4xx_HAL_Driver/Src/stm32f4xx_hal_exti.o
LOAD ./Drivers/STM32F4xx_HAL_Driver/Src/stm32f4xx_hal_flash.o
LOAD ./Drivers/STM32F4xx_HAL_Driver/Src/stm32f4xx_hal_flash_ex.o
LOAD ./Drivers/STM32F4xx_HAL_Driver/Src/stm32f4xx_hal_flash_ramfunc.o
LOAD ./Drivers/STM32F4xx_HAL_Driver/Src/stm32f4xx_hal_gpio.o
LOAD ./Drivers/STM32F4xx_HAL_Driver/Src/stm32f4xx_hal_pwr.o
LOAD ./Drivers/STM32F4xx_HAL_Driver/Src/stm32f4xx_hal_pwr_ex.o
LOAD ./Drivers/STM32F4xx_HAL_Driver/Src/stm32f4xx_hal_rcc.o
LOAD ./Drivers/STM32F4xx_HAL_Driver/Src/stm32f4xx_hal_rcc_ex.o
LOAD ./Drivers/STM32F4xx_HAL_Driver/Src/stm32f4xx_hal_tim.o
LOAD ./Drivers/STM32F4xx_HAL_Driver/Src/stm32f4xx_hal_tim_ex.o
LOAD ./Drivers/STM32F4xx_HAL_Driver/Src/stm32f4xx_ll_exti.o
LOAD ./Drivers/STM32F4xx_HAL_Driver/Src/stm32f4xx_ll_gpio.o
LOAD ./Drivers/STM32F4xx_HAL_Driver/Src/stm32f4xx_ll_rcc.o
LOAD ./Drivers/STM32F4xx_HAL_Driver/Src/stm32f4xx_ll_utils.o
LOAD ./Middlewares/Third_Party/FreeRTOS/org/Source/CMSIS_RTOS/cmsis_os.o
LOAD ./Middlewares/Third_Party/FreeRTOS/org/Source/croutine.o
LOAD ./Middlewares/Third_Party/FreeRTOS/org/Source/event_groups.o
LOAD ./Middlewares/Third_Party/FreeRTOS/org/Source/list.o
LOAD ./Middlewares/Third_Party/FreeRTOS/org/Source/queue.o
LOAD ./Middlewares/Third_Party/FreeRTOS/org/Source/stream_buffer.o
LOAD ./Middlewares/Third_Party/FreeRTOS/org/Source/tasks.o
LOAD ./Middlewares/Third_Party/FreeRTOS/org/Source/timers.o
LOAD ./Middlewares/Third_Party/FreeRTOS/org/Source/portable/GCC/ARM_CM4F/port.o
LOAD ./Middlewares/Third_Party/FreeRTOS/org/Source/portable/MemMang/heap_4.o
LOAD ./SEGGER_RTT/Config/SEGGER_SYSVIEW_Config_FreeRTOS.o
LOAD ./SEGGER_RTT/SEGGER/SEGGER_RTT.o
LOAD ./SEGGER_RTT/SEGGER/SEGGER_RTT_ASM_ARMv7M.o
LOAD ./SEGGER_RTT/SEGGER/SEGGER_RTT_Syscalls_GCC.o
LOAD ./SEGGER_RTT/SEGGER/SEGGER_RTT_printf.o
LOAD ./SEGGER_RTT/SEGGER/SEGGER_SYSVIEW.o
LOAD ./SEGGER_RTT/SEGGER_OS/SEGGER_SYSVIEW_FreeRTOS.o
START GROUP
LOAD /Applications/STM32CubeIDE.app/Contents/Eclipse/plugins/com.st.stm32cube.ide.mcu.externaltools.gnu-tools-for-stm32.13.3.rel1.macos64_1.0.0.202411102158/tools/bin/../lib/gcc/arm-none-eabi/13.3.1/../../../../arm-none-eabi/lib/thumb/v7e-m+fp/hard/libstdc++_nano.a
LOAD /Applications/STM32CubeIDE.app/Contents/Eclipse/plugins/com.st.stm32cube.ide.mcu.externaltools.gnu-tools-for-stm32.13.3.rel1.macos64_1.0.0.202411102158/tools/bin/../lib/gcc/arm-none-eabi/13.3.1/../../../../arm-none-eabi/lib/thumb/v7e-m+fp/hard/libsupc++_nano.a
END GROUP
LOAD /Applications/STM32CubeIDE.app/Contents/Eclipse/plugins/com.st.stm32cube.ide.mcu.externaltools.gnu-tools-for-stm32.13.3.rel1.macos64_1.0.0.202411102158/tools/bin/../lib/gcc/arm-none-eabi/13.3.1/../../../../arm-none-eabi/lib/thumb/v7e-m+fp/hard/libstdc++_nano.a
LOAD /Applications/STM32CubeIDE.app/Contents/Eclipse/plugins/com.st.stm32cube.ide.mcu.externaltools.gnu-tools-for-stm32.13.3.rel1.macos64_1.0.0.202411102158/tools/bin/../lib/gcc/arm-none-eabi/13.3.1/../../../../arm-none-eabi/lib/thumb/v7e-m+fp/hard/libm.a
LOAD /Applications/STM32CubeIDE.app/Contents/Eclipse/plugins/com.st.stm32cube.ide.mcu.externaltools.gnu-tools-for-stm32.13.3.rel1.macos64_1.0.0.202411102158/tools/bin/../lib/gcc/arm-none-eabi/13.3.1/../../../../arm-none-eabi/lib/thumb/v7e-m+fp/hard/libc_nano.a
START GROUP
LOAD /Applications/STM32CubeIDE.app/Contents/Eclipse/plugins/com.st.stm32cube.ide.mcu.externaltools.gnu-tools-for-stm32.13.3.rel1.macos64_1.0.0.202411102158/tools/bin/../lib/gcc/arm-none-eabi/13.3.1/thumb/v7e-m+fp/hard/libgcc.a
LOAD /Applications/STM32CubeIDE.app/Contents/Eclipse/plugins/com.st.stm32cube.ide.mcu.externaltools.gnu-tools-for-stm32.13.3.rel1.macos64_1.0.0.202411102158/tools/bin/../lib/gcc/arm-none-eabi/13.3.1/../../../../arm-none-eabi/lib/thumb/v7e-m+fp/hard/libc_nano.a
END GROUP
START GROUP
LOAD /Applications/STM32CubeIDE.app/Contents/Eclipse/plugins/com.st.stm32cube.ide.mcu.externaltools.gnu-tools-for-stm32.13.3.rel1.macos64_1.0.0.202411102158/tools/bin/../lib/gcc/arm-none-eabi/13.3.1/thumb/v7e-m+fp/hard/libgcc.a
LOAD /Applications/STM32CubeIDE.app/Contents/Eclipse/plugins/com.st.stm32cube.ide.mcu.externaltools.gnu-tools-for-stm32.13.3.rel1.macos64_1.0.0.202411102158/tools/bin/../lib/gcc/arm-none-eabi/13.3.1/../../../../arm-none-eabi/lib/thumb/v7e-m+fp/hard/libc_nano.a
LOAD /Applications/STM32CubeIDE.app/Contents/Eclipse/plugins/com.st.stm32cube.ide.mcu.externaltools.gnu-tools-for-stm32.13.3.rel1.macos64_1.0.0.202411102158/tools/bin/../lib/gcc/arm-none-eabi/13.3.1/../../../../arm-none-eabi/lib/thumb/v7e-m+fp/hard/libnosys.a
END GROUP
START GROUP
LOAD /Applications/STM32CubeIDE.app/Contents/Eclipse/plugins/com.st.stm32cube.ide.mcu.externaltools.gnu-tools-for-stm32.13.3.rel1.macos64_1.0.0.202411102158/tools/bin/../lib/gcc/arm-none-eabi/13.3.1/thumb/v7e-m+fp/hard/libgcc.a
LOAD /Applications/STM32CubeIDE.app/Contents/Eclipse/plugins/com.st.stm32cube.ide.mcu.externaltools.gnu-tools-for-stm32.13.3.rel1.macos64_1.0.0.202411102158/tools/bin/../lib/gcc/arm-none-eabi/13.3.1/../../../../arm-none-eabi/lib/thumb/v7e-m+fp/hard/libc_nano.a
LOAD /Applications/STM32CubeIDE.app/Contents/Eclipse/plugins/com.st.stm32cube.ide.mcu.externaltools.gnu-tools-for-stm32.13.3.rel1.macos64_1.0.0.202411102158/tools/bin/../lib/gcc/arm-none-eabi/13.3.1/../../../../arm-none-eabi/lib/thumb/v7e-m+fp/hard/libnosys.a
END GROUP
LOAD /Applications/STM32CubeIDE.app/Contents/Eclipse/plugins/com.st.stm32cube.ide.mcu.externaltools.gnu-tools-for-stm32.13.3.rel1.macos64_1.0.0.202411102158/tools/bin/../lib/gcc/arm-none-eabi/13.3.1/thumb/v7e-m+fp/hard/crtend.o
LOAD /Applications/STM32CubeIDE.app/Contents/Eclipse/plugins/com.st.stm32cube.ide.mcu.externaltools.gnu-tools-for-stm32.13.3.rel1.macos64_1.0.0.202411102158/tools/bin/../lib/gcc/arm-none-eabi/13.3.1/thumb/v7e-m+fp/hard/crtn.o
                0x20020000                        _estack = (ORIGIN (RAM) + LENGTH (RAM))
                0x00000200                        _Min_Heap_Size = 0x200
                0x00000400                        _Min_Stack_Size = 0x400

.isr_vector     0x08000000      0x188
                0x08000000                        . = ALIGN (0x4)
 *(.isr_vector)
 .isr_vector    0x08000000      0x188 ./Core/Startup/startup_stm32f407vgtx.o
                0x08000000                g_pfnVectors
                0x08000188                        . = ALIGN (0x4)

.text           0x08000190     0x67e8
                0x08000190                        . = ALIGN (0x4)
 *(.text)
 .text          0x08000190       0x40 /Applications/STM32CubeIDE.app/Contents/Eclipse/plugins/com.st.stm32cube.ide.mcu.externaltools.gnu-tools-for-stm32.13.3.rel1.macos64_1.0.0.202411102158/tools/bin/../lib/gcc/arm-none-eabi/13.3.1/thumb/v7e-m+fp/hard/crtbegin.o
 .text          0x080001d0       0x94 ./SEGGER_RTT/SEGGER/SEGGER_RTT_ASM_ARMv7M.o
                0x080001d0                SEGGER_RTT_ASM_WriteSkipNoLock
 *(.text*)
 .text.callingTaskCreation
                0x08000264      0x110 ./Core/Src/FREE_RTOS_application.o
                0x08000264                callingTaskCreation
 .text.userTaskOne
                0x08000374       0x50 ./Core/Src/FREE_RTOS_application.o
                0x08000374                userTaskOne
 .text.userTaskTwo
                0x080003c4       0x50 ./Core/Src/FREE_RTOS_application.o
                0x080003c4                userTaskTwo
 .text.userTaskThree
                0x08000414       0x50 ./Core/Src/FREE_RTOS_application.o
                0x08000414                userTaskThree
 .text.userTaskFour
                0x08000464       0x50 ./Core/Src/FREE_RTOS_application.o
                0x08000464                userTaskFour
 .text.vApplicationIdleHook
                0x080004b4       0x18 ./Core/Src/FREE_RTOS_application.o
                0x080004b4                vApplicationIdleHook
 .text.SEEGER_RTTInit
                0x080004cc       0x28 ./Core/Src/SEGGER_application.o
                0x080004cc                SEEGER_RTTInit
 .text.UserPrintf
                0x080004f4       0x20 ./Core/Src/SEGGER_application.o
                0x080004f4                UserPrintf
 .text.LL_GPIO_SetOutputPin
                0x08000514       0x1c ./Core/Src/led_application.o
 .text.LL_GPIO_ResetOutputPin
                0x08000530       0x1e ./Core/Src/led_application.o
 .text.LL_GPIO_TogglePin
                0x0800054e       0x32 ./Core/Src/led_application.o
 .text.orangeLed
                0x08000580       0x30 ./Core/Src/led_application.o
                0x08000580                orangeLed
 .text.orangeLedToggling
                0x080005b0       0x18 ./Core/Src/led_application.o
                0x080005b0                orangeLedToggling
 .text.LL_RCC_HSE_Enable
                0x080005c8       0x20 ./Core/Src/main.o
 .text.LL_RCC_HSE_IsReady
                0x080005e8       0x28 ./Core/Src/main.o
 .text.LL_RCC_SetSysClkSource
                0x08000610       0x28 ./Core/Src/main.o
 .text.LL_RCC_GetSysClkSource
                0x08000638       0x1c ./Core/Src/main.o
 .text.LL_RCC_SetAHBPrescaler
                0x08000654       0x28 ./Core/Src/main.o
 .text.LL_RCC_SetAPB1Prescaler
                0x0800067c       0x28 ./Core/Src/main.o
 .text.LL_RCC_SetAPB2Prescaler
                0x080006a4       0x28 ./Core/Src/main.o
 .text.LL_RCC_PLL_Enable
                0x080006cc       0x20 ./Core/Src/main.o
 .text.LL_RCC_PLL_IsReady
                0x080006ec       0x28 ./Core/Src/main.o
 .text.LL_RCC_PLL_ConfigDomain_SYS
                0x08000714       0x4c ./Core/Src/main.o
 .text.LL_AHB1_GRP1_EnableClock
                0x08000760       0x30 ./Core/Src/main.o
 .text.LL_FLASH_SetLatency
                0x08000790       0x28 ./Core/Src/main.o
 .text.LL_FLASH_GetLatency
                0x080007b8       0x1c ./Core/Src/main.o
 .text.LL_PWR_SetRegulVoltageScaling
                0x080007d4       0x28 ./Core/Src/main.o
 .text.LL_PWR_IsActiveFlag_VOS
                0x080007fc       0x28 ./Core/Src/main.o
 .text.LL_GPIO_ResetOutputPin
                0x08000824       0x1e ./Core/Src/main.o
 *fill*         0x08000842        0x2 
 .text.main     0x08000844       0x68 ./Core/Src/main.o
                0x08000844                main
 .text.SystemClock_Config
                0x080008ac       0xa0 ./Core/Src/main.o
                0x080008ac                SystemClock_Config
 .text.MX_GPIO_Init
                0x0800094c       0x60 ./Core/Src/main.o
 .text.StartDefaultTask
                0x080009ac       0x10 ./Core/Src/main.o
                0x080009ac                StartDefaultTask
 .text.HAL_TIM_PeriodElapsedCallback
                0x080009bc       0x24 ./Core/Src/main.o
                0x080009bc                HAL_TIM_PeriodElapsedCallback
 .text.Error_Handler
                0x080009e0        0xc ./Core/Src/main.o
                0x080009e0                Error_Handler
 .text.HAL_MspInit
                0x080009ec       0x58 ./Core/Src/stm32f4xx_hal_msp.o
                0x080009ec                HAL_MspInit
 .text.HAL_InitTick
                0x08000a44       0xf8 ./Core/Src/stm32f4xx_hal_timebase_tim.o
                0x08000a44                HAL_InitTick
 .text.NMI_Handler
                0x08000b3c        0x8 ./Core/Src/stm32f4xx_it.o
                0x08000b3c                NMI_Handler
 .text.HardFault_Handler
                0x08000b44        0x8 ./Core/Src/stm32f4xx_it.o
                0x08000b44                HardFault_Handler
 .text.MemManage_Handler
                0x08000b4c        0x8 ./Core/Src/stm32f4xx_it.o
                0x08000b4c                MemManage_Handler
 .text.BusFault_Handler
                0x08000b54        0x8 ./Core/Src/stm32f4xx_it.o
                0x08000b54                BusFault_Handler
 .text.UsageFault_Handler
                0x08000b5c        0x8 ./Core/Src/stm32f4xx_it.o
                0x08000b5c                UsageFault_Handler
 .text.DebugMon_Handler
                0x08000b64        0xe ./Core/Src/stm32f4xx_it.o
                0x08000b64                DebugMon_Handler
 *fill*         0x08000b72        0x2 
 .text.TIM6_DAC_IRQHandler
                0x08000b74       0x14 ./Core/Src/stm32f4xx_it.o
                0x08000b74                TIM6_DAC_IRQHandler
 .text.SystemInit
                0x08000b88       0x24 ./Core/Src/system_stm32f4xx.o
                0x08000b88                SystemInit
 .text.Reset_Handler
                0x08000bac       0x50 ./Core/Startup/startup_stm32f407vgtx.o
                0x08000bac                Reset_Handler
 .text.Default_Handler
                0x08000bfc        0x2 ./Core/Startup/startup_stm32f407vgtx.o
                0x08000bfc                DMA1_Stream3_IRQHandler
                0x08000bfc                HASH_RNG_IRQHandler
                0x08000bfc                EXTI2_IRQHandler
                0x08000bfc                TIM8_CC_IRQHandler
                0x08000bfc                TIM1_CC_IRQHandler
                0x08000bfc                DMA2_Stream5_IRQHandler
                0x08000bfc                DMA1_Stream5_IRQHandler
                0x08000bfc                PVD_IRQHandler
                0x08000bfc                SDIO_IRQHandler
                0x08000bfc                TAMP_STAMP_IRQHandler
                0x08000bfc                CAN2_RX1_IRQHandler
                0x08000bfc                EXTI3_IRQHandler
                0x08000bfc                TIM8_TRG_COM_TIM14_IRQHandler
                0x08000bfc                TIM1_UP_TIM10_IRQHandler
                0x08000bfc                TIM8_UP_TIM13_IRQHandler
                0x08000bfc                I2C3_ER_IRQHandler
                0x08000bfc                EXTI0_IRQHandler
                0x08000bfc                I2C2_EV_IRQHandler
                0x08000bfc                DMA1_Stream2_IRQHandler
                0x08000bfc                CAN1_RX0_IRQHandler
                0x08000bfc                FPU_IRQHandler
                0x08000bfc                OTG_HS_WKUP_IRQHandler
                0x08000bfc                CAN2_SCE_IRQHandler
                0x08000bfc                DMA2_Stream2_IRQHandler
                0x08000bfc                SPI1_IRQHandler
                0x08000bfc                TIM1_BRK_TIM9_IRQHandler
                0x08000bfc                DCMI_IRQHandler
                0x08000bfc                CAN2_RX0_IRQHandler
                0x08000bfc                DMA2_Stream3_IRQHandler
                0x08000bfc                USART6_IRQHandler
                0x08000bfc                USART3_IRQHandler
                0x08000bfc                CAN1_RX1_IRQHandler
                0x08000bfc                UART5_IRQHandler
                0x08000bfc                DMA2_Stream0_IRQHandler
                0x08000bfc                TIM4_IRQHandler
                0x08000bfc                I2C1_EV_IRQHandler
                0x08000bfc                DMA1_Stream6_IRQHandler
                0x08000bfc                DMA1_Stream1_IRQHandler
                0x08000bfc                UART4_IRQHandler
                0x08000bfc                TIM3_IRQHandler
                0x08000bfc                RCC_IRQHandler
                0x08000bfc                TIM8_BRK_TIM12_IRQHandler
                0x08000bfc                Default_Handler
                0x08000bfc                EXTI15_10_IRQHandler
                0x08000bfc                ADC_IRQHandler
                0x08000bfc                DMA1_Stream7_IRQHandler
                0x08000bfc                TIM7_IRQHandler
                0x08000bfc                CAN2_TX_IRQHandler
                0x08000bfc                TIM5_IRQHandler
                0x08000bfc                DMA2_Stream7_IRQHandler
                0x08000bfc                I2C3_EV_IRQHandler
                0x08000bfc                EXTI9_5_IRQHandler
                0x08000bfc                RTC_WKUP_IRQHandler
                0x08000bfc                ETH_WKUP_IRQHandler
                0x08000bfc                SPI2_IRQHandler
                0x08000bfc                OTG_HS_EP1_IN_IRQHandler
                0x08000bfc                DMA1_Stream0_IRQHandler
                0x08000bfc                CAN1_TX_IRQHandler
                0x08000bfc                EXTI4_IRQHandler
                0x08000bfc                FSMC_IRQHandler
                0x08000bfc                ETH_IRQHandler
                0x08000bfc                OTG_HS_EP1_OUT_IRQHandler
                0x08000bfc                WWDG_IRQHandler
                0x08000bfc                TIM2_IRQHandler
                0x08000bfc                OTG_FS_WKUP_IRQHandler
                0x08000bfc                TIM1_TRG_COM_TIM11_IRQHandler
                0x08000bfc                OTG_HS_IRQHandler
                0x08000bfc                EXTI1_IRQHandler
                0x08000bfc                USART2_IRQHandler
                0x08000bfc                I2C2_ER_IRQHandler
                0x08000bfc                DMA2_Stream1_IRQHandler
                0x08000bfc                CAN1_SCE_IRQHandler
                0x08000bfc                FLASH_IRQHandler
                0x08000bfc                DMA2_Stream4_IRQHandler
                0x08000bfc                USART1_IRQHandler
                0x08000bfc                OTG_FS_IRQHandler
                0x08000bfc                SPI3_IRQHandler
                0x08000bfc                DMA1_Stream4_IRQHandler
                0x08000bfc                I2C1_ER_IRQHandler
                0x08000bfc                DMA2_Stream6_IRQHandler
                0x08000bfc                RTC_Alarm_IRQHandler
 *fill*         0x08000bfe        0x2 
 .text.HAL_Init
                0x08000c00       0x44 ./Drivers/STM32F4xx_HAL_Driver/Src/stm32f4xx_hal.o
                0x08000c00                HAL_Init
 .text.HAL_IncTick
                0x08000c44       0x28 ./Drivers/STM32F4xx_HAL_Driver/Src/stm32f4xx_hal.o
                0x08000c44                HAL_IncTick
 .text.__NVIC_SetPriorityGrouping
                0x08000c6c       0x48 ./Drivers/STM32F4xx_HAL_Driver/Src/stm32f4xx_hal_cortex.o
 .text.__NVIC_GetPriorityGrouping
                0x08000cb4       0x1c ./Drivers/STM32F4xx_HAL_Driver/Src/stm32f4xx_hal_cortex.o
 .text.__NVIC_EnableIRQ
                0x08000cd0       0x3c ./Drivers/STM32F4xx_HAL_Driver/Src/stm32f4xx_hal_cortex.o
 .text.__NVIC_SetPriority
                0x08000d0c       0x54 ./Drivers/STM32F4xx_HAL_Driver/Src/stm32f4xx_hal_cortex.o
 .text.NVIC_EncodePriority
                0x08000d60       0x66 ./Drivers/STM32F4xx_HAL_Driver/Src/stm32f4xx_hal_cortex.o
 .text.HAL_NVIC_SetPriorityGrouping
                0x08000dc6       0x16 ./Drivers/STM32F4xx_HAL_Driver/Src/stm32f4xx_hal_cortex.o
                0x08000dc6                HAL_NVIC_SetPriorityGrouping
 .text.HAL_NVIC_SetPriority
                0x08000ddc       0x38 ./Drivers/STM32F4xx_HAL_Driver/Src/stm32f4xx_hal_cortex.o
                0x08000ddc                HAL_NVIC_SetPriority
 .text.HAL_NVIC_EnableIRQ
                0x08000e14       0x1c ./Drivers/STM32F4xx_HAL_Driver/Src/stm32f4xx_hal_cortex.o
                0x08000e14                HAL_NVIC_EnableIRQ
 .text.HAL_RCC_GetHCLKFreq
                0x08000e30       0x18 ./Drivers/STM32F4xx_HAL_Driver/Src/stm32f4xx_hal_rcc.o
                0x08000e30                HAL_RCC_GetHCLKFreq
 .text.HAL_RCC_GetPCLK1Freq
                0x08000e48       0x28 ./Drivers/STM32F4xx_HAL_Driver/Src/stm32f4xx_hal_rcc.o
                0x08000e48                HAL_RCC_GetPCLK1Freq
 .text.HAL_RCC_GetClockConfig
                0x08000e70       0x64 ./Drivers/STM32F4xx_HAL_Driver/Src/stm32f4xx_hal_rcc.o
                0x08000e70                HAL_RCC_GetClockConfig
 .text.HAL_TIM_Base_Init
                0x08000ed4       0x9e ./Drivers/STM32F4xx_HAL_Driver/Src/stm32f4xx_hal_tim.o
                0x08000ed4                HAL_TIM_Base_Init
 .text.HAL_TIM_Base_MspInit
                0x08000f72       0x14 ./Drivers/STM32F4xx_HAL_Driver/Src/stm32f4xx_hal_tim.o
                0x08000f72                HAL_TIM_Base_MspInit
 *fill*         0x08000f86        0x2 
 .text.HAL_TIM_Base_Start_IT
                0x08000f88       0xe0 ./Drivers/STM32F4xx_HAL_Driver/Src/stm32f4xx_hal_tim.o
                0x08000f88                HAL_TIM_Base_Start_IT
 .text.HAL_TIM_IRQHandler
                0x08001068      0x1e0 ./Drivers/STM32F4xx_HAL_Driver/Src/stm32f4xx_hal_tim.o
                0x08001068                HAL_TIM_IRQHandler
 .text.HAL_TIM_OC_DelayElapsedCallback
                0x08001248       0x14 ./Drivers/STM32F4xx_HAL_Driver/Src/stm32f4xx_hal_tim.o
                0x08001248                HAL_TIM_OC_DelayElapsedCallback
 .text.HAL_TIM_IC_CaptureCallback
                0x0800125c       0x14 ./Drivers/STM32F4xx_HAL_Driver/Src/stm32f4xx_hal_tim.o
                0x0800125c                HAL_TIM_IC_CaptureCallback
 .text.HAL_TIM_PWM_PulseFinishedCallback
                0x08001270       0x14 ./Drivers/STM32F4xx_HAL_Driver/Src/stm32f4xx_hal_tim.o
                0x08001270                HAL_TIM_PWM_PulseFinishedCallback
 .text.HAL_TIM_TriggerCallback
                0x08001284       0x14 ./Drivers/STM32F4xx_HAL_Driver/Src/stm32f4xx_hal_tim.o
                0x08001284                HAL_TIM_TriggerCallback
 .text.TIM_Base_SetConfig
                0x08001298      0x14c ./Drivers/STM32F4xx_HAL_Driver/Src/stm32f4xx_hal_tim.o
                0x08001298                TIM_Base_SetConfig
 .text.HAL_TIMEx_CommutCallback
                0x080013e4       0x14 ./Drivers/STM32F4xx_HAL_Driver/Src/stm32f4xx_hal_tim_ex.o
                0x080013e4                HAL_TIMEx_CommutCallback
 .text.HAL_TIMEx_BreakCallback
                0x080013f8       0x14 ./Drivers/STM32F4xx_HAL_Driver/Src/stm32f4xx_hal_tim_ex.o
                0x080013f8                HAL_TIMEx_BreakCallback
 .text.LL_GPIO_SetPinMode
                0x0800140c       0x7a ./Drivers/STM32F4xx_HAL_Driver/Src/stm32f4xx_ll_gpio.o
 .text.LL_GPIO_SetPinOutputType
                0x08001486       0x30 ./Drivers/STM32F4xx_HAL_Driver/Src/stm32f4xx_ll_gpio.o
 .text.LL_GPIO_SetPinSpeed
                0x080014b6       0x7a ./Drivers/STM32F4xx_HAL_Driver/Src/stm32f4xx_ll_gpio.o
 .text.LL_GPIO_SetPinPull
                0x08001530       0x7a ./Drivers/STM32F4xx_HAL_Driver/Src/stm32f4xx_ll_gpio.o
 .text.LL_GPIO_SetAFPin_0_7
                0x080015aa       0x7a ./Drivers/STM32F4xx_HAL_Driver/Src/stm32f4xx_ll_gpio.o
 .text.LL_GPIO_SetAFPin_8_15
                0x08001624       0x7e ./Drivers/STM32F4xx_HAL_Driver/Src/stm32f4xx_ll_gpio.o
 .text.LL_GPIO_Init
                0x080016a2      0x102 ./Drivers/STM32F4xx_HAL_Driver/Src/stm32f4xx_ll_gpio.o
                0x080016a2                LL_GPIO_Init
 .text.LL_mDelay
                0x080017a4       0x4c ./Drivers/STM32F4xx_HAL_Driver/Src/stm32f4xx_ll_utils.o
                0x080017a4                LL_mDelay
 .text.LL_SetSystemCoreClock
                0x080017f0       0x20 ./Drivers/STM32F4xx_HAL_Driver/Src/stm32f4xx_ll_utils.o
                0x080017f0                LL_SetSystemCoreClock
 .text.makeFreeRtosPriority
                0x08001810       0x30 ./Middlewares/Third_Party/FreeRTOS/org/Source/CMSIS_RTOS/cmsis_os.o
 .text.osKernelStart
                0x08001840        0xe ./Middlewares/Third_Party/FreeRTOS/org/Source/CMSIS_RTOS/cmsis_os.o
                0x08001840                osKernelStart
 .text.osThreadCreate
                0x0800184e       0x4e ./Middlewares/Third_Party/FreeRTOS/org/Source/CMSIS_RTOS/cmsis_os.o
                0x0800184e                osThreadCreate
 .text.osDelay  0x0800189c       0x28 ./Middlewares/Third_Party/FreeRTOS/org/Source/CMSIS_RTOS/cmsis_os.o
                0x0800189c                osDelay
 .text.vListInitialise
                0x080018c4       0x40 ./Middlewares/Third_Party/FreeRTOS/org/Source/list.o
                0x080018c4                vListInitialise
 .text.vListInitialiseItem
                0x08001904       0x1a ./Middlewares/Third_Party/FreeRTOS/org/Source/list.o
                0x08001904                vListInitialiseItem
 .text.vListInsertEnd
                0x0800191e       0x48 ./Middlewares/Third_Party/FreeRTOS/org/Source/list.o
                0x0800191e                vListInsertEnd
 .text.vListInsert
                0x08001966       0x72 ./Middlewares/Third_Party/FreeRTOS/org/Source/list.o
                0x08001966                vListInsert
 .text.uxListRemove
                0x080019d8       0x54 ./Middlewares/Third_Party/FreeRTOS/org/Source/list.o
                0x080019d8                uxListRemove
 .text.xQueueGenericReset
                0x08001a2c       0xd4 ./Middlewares/Third_Party/FreeRTOS/org/Source/queue.o
                0x08001a2c                xQueueGenericReset
 .text.xQueueGenericCreate
                0x08001b00       0x6e ./Middlewares/Third_Party/FreeRTOS/org/Source/queue.o
                0x08001b00                xQueueGenericCreate
 .text.prvInitialiseNewQueue
                0x08001b6e       0x4a ./Middlewares/Third_Party/FreeRTOS/org/Source/queue.o
 .text.xQueueGenericSend
                0x08001bb8      0x254 ./Middlewares/Third_Party/FreeRTOS/org/Source/queue.o
                0x08001bb8                xQueueGenericSend
 .text.xQueueGenericSendFromISR
                0x08001e0c      0x164 ./Middlewares/Third_Party/FreeRTOS/org/Source/queue.o
                0x08001e0c                xQueueGenericSendFromISR
 .text.xQueueReceive
                0x08001f70      0x228 ./Middlewares/Third_Party/FreeRTOS/org/Source/queue.o
                0x08001f70                xQueueReceive
 .text.prvCopyDataToQueue
                0x08002198       0xd4 ./Middlewares/Third_Party/FreeRTOS/org/Source/queue.o
 .text.prvCopyDataFromQueue
                0x0800226c       0x4c ./Middlewares/Third_Party/FreeRTOS/org/Source/queue.o
 .text.prvUnlockQueue
                0x080022b8       0xa4 ./Middlewares/Third_Party/FreeRTOS/org/Source/queue.o
 .text.prvIsQueueEmpty
                0x0800235c       0x2c ./Middlewares/Third_Party/FreeRTOS/org/Source/queue.o
 .text.prvIsQueueFull
                0x08002388       0x30 ./Middlewares/Third_Party/FreeRTOS/org/Source/queue.o
 .text.vQueueAddToRegistry
                0x080023b8       0x64 ./Middlewares/Third_Party/FreeRTOS/org/Source/queue.o
                0x080023b8                vQueueAddToRegistry
 .text.vQueueWaitForMessageRestricted
                0x0800241c       0x68 ./Middlewares/Third_Party/FreeRTOS/org/Source/queue.o
                0x0800241c                vQueueWaitForMessageRestricted
 .text.xTaskCreate
                0x08002484       0x82 ./Middlewares/Third_Party/FreeRTOS/org/Source/tasks.o
                0x08002484                xTaskCreate
 *fill*         0x08002506        0x2 
 .text.prvInitialiseNewTask
                0x08002508      0x140 ./Middlewares/Third_Party/FreeRTOS/org/Source/tasks.o
 .text.prvAddNewTaskToReadyList
                0x08002648      0x110 ./Middlewares/Third_Party/FreeRTOS/org/Source/tasks.o
 .text.vTaskDelayUntil
                0x08002758      0x108 ./Middlewares/Third_Party/FreeRTOS/org/Source/tasks.o
                0x08002758                vTaskDelayUntil
 .text.vTaskDelay
                0x08002860       0x74 ./Middlewares/Third_Party/FreeRTOS/org/Source/tasks.o
                0x08002860                vTaskDelay
 .text.vTaskStartScheduler
                0x080028d4       0xcc ./Middlewares/Third_Party/FreeRTOS/org/Source/tasks.o
                0x080028d4                vTaskStartScheduler
 .text.vTaskSuspendAll
                0x080029a0       0x1c ./Middlewares/Third_Party/FreeRTOS/org/Source/tasks.o
                0x080029a0                vTaskSuspendAll
 .text.xTaskResumeAll
                0x080029bc      0x144 ./Middlewares/Third_Party/FreeRTOS/org/Source/tasks.o
                0x080029bc                xTaskResumeAll
 .text.xTaskGetTickCount
                0x08002b00       0x20 ./Middlewares/Third_Party/FreeRTOS/org/Source/tasks.o
                0x08002b00                xTaskGetTickCount
 .text.xTaskGetTickCountFromISR
                0x08002b20       0x24 ./Middlewares/Third_Party/FreeRTOS/org/Source/tasks.o
                0x08002b20                xTaskGetTickCountFromISR
 .text.xTaskIncrementTick
                0x08002b44      0x17c ./Middlewares/Third_Party/FreeRTOS/org/Source/tasks.o
                0x08002b44                xTaskIncrementTick
 .text.vTaskSwitchContext
                0x08002cc0       0xe4 ./Middlewares/Third_Party/FreeRTOS/org/Source/tasks.o
                0x08002cc0                vTaskSwitchContext
 .text.vTaskPlaceOnEventList
                0x08002da4       0x4c ./Middlewares/Third_Party/FreeRTOS/org/Source/tasks.o
                0x08002da4                vTaskPlaceOnEventList
 .text.vTaskPlaceOnEventListRestricted
                0x08002df0       0x60 ./Middlewares/Third_Party/FreeRTOS/org/Source/tasks.o
                0x08002df0                vTaskPlaceOnEventListRestricted
 .text.xTaskRemoveFromEventList
                0x08002e50       0xd0 ./Middlewares/Third_Party/FreeRTOS/org/Source/tasks.o
                0x08002e50                xTaskRemoveFromEventList
 .text.vTaskInternalSetTimeOutState
                0x08002f20       0x2c ./Middlewares/Third_Party/FreeRTOS/org/Source/tasks.o
                0x08002f20                vTaskInternalSetTimeOutState
 .text.xTaskCheckForTimeOut
                0x08002f4c       0xc8 ./Middlewares/Third_Party/FreeRTOS/org/Source/tasks.o
                0x08002f4c                xTaskCheckForTimeOut
 .text.vTaskMissedYield
                0x08003014       0x18 ./Middlewares/Third_Party/FreeRTOS/org/Source/tasks.o
                0x08003014                vTaskMissedYield
 .text.prvIdleTask
                0x0800302c       0x34 ./Middlewares/Third_Party/FreeRTOS/org/Source/tasks.o
 .text.prvInitialiseTaskLists
                0x08003060       0x80 ./Middlewares/Third_Party/FreeRTOS/org/Source/tasks.o
 .text.prvCheckTasksWaitingTermination
                0x080030e0       0x5c ./Middlewares/Third_Party/FreeRTOS/org/Source/tasks.o
 .text.prvDeleteTCB
                0x0800313c       0x2a ./Middlewares/Third_Party/FreeRTOS/org/Source/tasks.o
 *fill*         0x08003166        0x2 
 .text.prvResetNextTaskUnblockTime
                0x08003168       0x40 ./Middlewares/Third_Party/FreeRTOS/org/Source/tasks.o
 .text.xTaskGetSchedulerState
                0x080031a8       0x3c ./Middlewares/Third_Party/FreeRTOS/org/Source/tasks.o
                0x080031a8                xTaskGetSchedulerState
 .text.xTaskPriorityDisinherit
                0x080031e4      0x118 ./Middlewares/Third_Party/FreeRTOS/org/Source/tasks.o
                0x080031e4                xTaskPriorityDisinherit
 .text.prvAddCurrentTaskToDelayedList
                0x080032fc       0xf0 ./Middlewares/Third_Party/FreeRTOS/org/Source/tasks.o
 .text.xTimerCreateTimerTask
                0x080033ec       0x64 ./Middlewares/Third_Party/FreeRTOS/org/Source/timers.o
                0x080033ec                xTimerCreateTimerTask
 .text.xTimerGenericCommand
                0x08003450       0x9c ./Middlewares/Third_Party/FreeRTOS/org/Source/timers.o
                0x08003450                xTimerGenericCommand
 .text.prvProcessExpiredTimer
                0x080034ec       0x9c ./Middlewares/Third_Party/FreeRTOS/org/Source/timers.o
 .text.prvTimerTask
                0x08003588       0x26 ./Middlewares/Third_Party/FreeRTOS/org/Source/timers.o
 *fill*         0x080035ae        0x2 
 .text.prvProcessTimerOrBlockTask
                0x080035b0       0x9c ./Middlewares/Third_Party/FreeRTOS/org/Source/timers.o
 .text.prvGetNextExpireTime
                0x0800364c       0x48 ./Middlewares/Third_Party/FreeRTOS/org/Source/timers.o
 .text.prvSampleTimeNow
                0x08003694       0x40 ./Middlewares/Third_Party/FreeRTOS/org/Source/timers.o
 .text.prvInsertTimerInActiveList
                0x080036d4       0x84 ./Middlewares/Third_Party/FreeRTOS/org/Source/timers.o
 .text.prvProcessReceivedCommands
                0x08003758      0x194 ./Middlewares/Third_Party/FreeRTOS/org/Source/timers.o
 .text.prvSwitchTimerLists
                0x080038ec       0xcc ./Middlewares/Third_Party/FreeRTOS/org/Source/timers.o
 .text.prvCheckForValidListAndQueue
                0x080039b8       0x6c ./Middlewares/Third_Party/FreeRTOS/org/Source/timers.o
 .text.pxPortInitialiseStack
                0x08003a24       0x68 ./Middlewares/Third_Party/FreeRTOS/org/Source/portable/GCC/ARM_CM4F/port.o
                0x08003a24                pxPortInitialiseStack
 .text.prvTaskExitError
                0x08003a8c       0x5c ./Middlewares/Third_Party/FreeRTOS/org/Source/portable/GCC/ARM_CM4F/port.o
 *fill*         0x08003ae8        0x8 
 .text.SVC_Handler
                0x08003af0       0x28 ./Middlewares/Third_Party/FreeRTOS/org/Source/portable/GCC/ARM_CM4F/port.o
                0x08003af0                SVC_Handler
 .text.prvPortStartFirstTask
                0x08003b18       0x28 ./Middlewares/Third_Party/FreeRTOS/org/Source/portable/GCC/ARM_CM4F/port.o
 .text.xPortStartScheduler
                0x08003b40      0x148 ./Middlewares/Third_Party/FreeRTOS/org/Source/portable/GCC/ARM_CM4F/port.o
                0x08003b40                xPortStartScheduler
 .text.vPortEnterCritical
                0x08003c88       0x64 ./Middlewares/Third_Party/FreeRTOS/org/Source/portable/GCC/ARM_CM4F/port.o
                0x08003c88                vPortEnterCritical
 .text.vPortExitCritical
                0x08003cec       0x54 ./Middlewares/Third_Party/FreeRTOS/org/Source/portable/GCC/ARM_CM4F/port.o
                0x08003cec                vPortExitCritical
 .text.PendSV_Handler
                0x08003d40       0x68 ./Middlewares/Third_Party/FreeRTOS/org/Source/portable/GCC/ARM_CM4F/port.o
                0x08003d40                PendSV_Handler
 .text.SysTick_Handler
                0x08003da8       0x54 ./Middlewares/Third_Party/FreeRTOS/org/Source/portable/GCC/ARM_CM4F/port.o
                0x08003da8                SysTick_Handler
 .text.vPortSetupTimerInterrupt
                0x08003dfc       0x48 ./Middlewares/Third_Party/FreeRTOS/org/Source/portable/GCC/ARM_CM4F/port.o
                0x08003dfc                vPortSetupTimerInterrupt
 .text.vPortEnableVFP
                0x08003e44       0x14 ./Middlewares/Third_Party/FreeRTOS/org/Source/portable/GCC/ARM_CM4F/port.o
 .text.vPortValidateInterruptPriority
                0x08003e58       0x84 ./Middlewares/Third_Party/FreeRTOS/org/Source/portable/GCC/ARM_CM4F/port.o
                0x08003e58                vPortValidateInterruptPriority
 .text.vSetVarulMaxPRIGROUPValue
                0x08003edc       0xb0 ./Middlewares/Third_Party/FreeRTOS/org/Source/portable/GCC/ARM_CM4F/port.o
                0x08003edc                vSetVarulMaxPRIGROUPValue
 .text.pvPortMalloc
                0x08003f8c      0x19c ./Middlewares/Third_Party/FreeRTOS/org/Source/portable/MemMang/heap_4.o
                0x08003f8c                pvPortMalloc
 .text.vPortFree
                0x08004128       0xc8 ./Middlewares/Third_Party/FreeRTOS/org/Source/portable/MemMang/heap_4.o
                0x08004128                vPortFree
 .text.prvHeapInit
                0x080041f0       0xc4 ./Middlewares/Third_Party/FreeRTOS/org/Source/portable/MemMang/heap_4.o
 .text.prvInsertBlockIntoFreeList
                0x080042b4       0xb4 ./Middlewares/Third_Party/FreeRTOS/org/Source/portable/MemMang/heap_4.o
 .text._cbSendSystemDesc
                0x08004368       0x1c ./SEGGER_RTT/Config/SEGGER_SYSVIEW_Config_FreeRTOS.o
 .text.SEGGER_SYSVIEW_Conf
                0x08004384       0x2c ./SEGGER_RTT/Config/SEGGER_SYSVIEW_Config_FreeRTOS.o
                0x08004384                SEGGER_SYSVIEW_Conf
 .text._DoInit  0x080043b0       0xb4 ./SEGGER_RTT/SEGGER/SEGGER_RTT.o
 .text._WriteBlocking
                0x08004464       0xba ./SEGGER_RTT/SEGGER/SEGGER_RTT.o
 .text._WriteNoCheck
                0x0800451e       0x90 ./SEGGER_RTT/SEGGER/SEGGER_RTT.o
 .text._GetAvailWriteSpace
                0x080045ae       0x46 ./SEGGER_RTT/SEGGER/SEGGER_RTT.o
 .text.SEGGER_RTT_ReadNoLock
                0x080045f4      0x10c ./SEGGER_RTT/SEGGER/SEGGER_RTT.o
                0x080045f4                SEGGER_RTT_ReadNoLock
 .text.SEGGER_RTT_WriteNoLock
                0x08004700       0xa0 ./SEGGER_RTT/SEGGER/SEGGER_RTT.o
                0x08004700                SEGGER_RTT_WriteNoLock
 .text.SEGGER_RTT_Write
                0x080047a0       0x4c ./SEGGER_RTT/SEGGER/SEGGER_RTT.o
                0x080047a0                SEGGER_RTT_Write
 .text.SEGGER_RTT_ConfigUpBuffer
                0x080047ec       0x94 ./SEGGER_RTT/SEGGER/SEGGER_RTT.o
                0x080047ec                SEGGER_RTT_ConfigUpBuffer
 .text.SEGGER_RTT_ConfigDownBuffer
                0x08004880       0x98 ./SEGGER_RTT/SEGGER/SEGGER_RTT.o
                0x08004880                SEGGER_RTT_ConfigDownBuffer
 .text._StoreChar
                0x08004918       0x7c ./SEGGER_RTT/SEGGER/SEGGER_RTT_printf.o
 .text._PrintUnsigned
                0x08004994      0x158 ./SEGGER_RTT/SEGGER/SEGGER_RTT_printf.o
 .text._PrintInt
                0x08004aec      0x14e ./SEGGER_RTT/SEGGER/SEGGER_RTT_printf.o
 *fill*         0x08004c3a        0x2 
 .text.SEGGER_RTT_vprintf
                0x08004c3c      0x420 ./SEGGER_RTT/SEGGER/SEGGER_RTT_printf.o
                0x08004c3c                SEGGER_RTT_vprintf
 .text.SEGGER_RTT_printf
                0x0800505c       0x30 ./SEGGER_RTT/SEGGER/SEGGER_RTT_printf.o
                0x0800505c                SEGGER_RTT_printf
 .text._EncodeStr
                0x0800508c       0x72 ./SEGGER_RTT/SEGGER/SEGGER_SYSVIEW.o
 .text._PreparePacket
                0x080050fe       0x18 ./SEGGER_RTT/SEGGER/SEGGER_SYSVIEW.o
 *fill*         0x08005116        0x2 
 .text._HandleIncomingPacket
                0x08005118       0xcc ./SEGGER_RTT/SEGGER/SEGGER_SYSVIEW.o
 .text._TrySendOverflowPacket
                0x080051e4       0xe0 ./SEGGER_RTT/SEGGER/SEGGER_SYSVIEW.o
 .text._SendPacket
                0x080052c4      0x2b8 ./SEGGER_RTT/SEGGER/SEGGER_SYSVIEW.o
 .text.SEGGER_SYSVIEW_Init
                0x0800557c       0x78 ./SEGGER_RTT/SEGGER/SEGGER_SYSVIEW.o
                0x0800557c                SEGGER_SYSVIEW_Init
 .text.SEGGER_SYSVIEW_SetRAMBase
                0x080055f4       0x20 ./SEGGER_RTT/SEGGER/SEGGER_SYSVIEW.o
                0x080055f4                SEGGER_SYSVIEW_SetRAMBase
 .text.SEGGER_SYSVIEW_RecordVoid
                0x08005614       0x3c ./SEGGER_RTT/SEGGER/SEGGER_SYSVIEW.o
                0x08005614                SEGGER_SYSVIEW_RecordVoid
 .text.SEGGER_SYSVIEW_RecordU32
                0x08005650       0x78 ./SEGGER_RTT/SEGGER/SEGGER_SYSVIEW.o
                0x08005650                SEGGER_SYSVIEW_RecordU32
 .text.SEGGER_SYSVIEW_RecordU32x2
                0x080056c8       0xb4 ./SEGGER_RTT/SEGGER/SEGGER_SYSVIEW.o
                0x080056c8                SEGGER_SYSVIEW_RecordU32x2
 .text.SEGGER_SYSVIEW_RecordU32x3
                0x0800577c       0xec ./SEGGER_RTT/SEGGER/SEGGER_SYSVIEW.o
                0x0800577c                SEGGER_SYSVIEW_RecordU32x3
 .text.SEGGER_SYSVIEW_RecordU32x4
                0x08005868      0x124 ./SEGGER_RTT/SEGGER/SEGGER_SYSVIEW.o
                0x08005868                SEGGER_SYSVIEW_RecordU32x4
 .text.SEGGER_SYSVIEW_Start
                0x0800598c      0x170 ./SEGGER_RTT/SEGGER/SEGGER_SYSVIEW.o
                0x0800598c                SEGGER_SYSVIEW_Start
 .text.SEGGER_SYSVIEW_Stop
                0x08005afc       0x4c ./SEGGER_RTT/SEGGER/SEGGER_SYSVIEW.o
                0x08005afc                SEGGER_SYSVIEW_Stop
 .text.SEGGER_SYSVIEW_GetSysDesc
                0x08005b48      0x134 ./SEGGER_RTT/SEGGER/SEGGER_SYSVIEW.o
                0x08005b48                SEGGER_SYSVIEW_GetSysDesc
 .text.SEGGER_SYSVIEW_SendTaskInfo
                0x08005c7c      0x1c8 ./SEGGER_RTT/SEGGER/SEGGER_SYSVIEW.o
                0x08005c7c                SEGGER_SYSVIEW_SendTaskInfo
 .text.SEGGER_SYSVIEW_SendTaskList
                0x08005e44       0x28 ./SEGGER_RTT/SEGGER/SEGGER_SYSVIEW.o
                0x08005e44                SEGGER_SYSVIEW_SendTaskList
 .text.SEGGER_SYSVIEW_SendSysDesc
                0x08005e6c       0x48 ./SEGGER_RTT/SEGGER/SEGGER_SYSVIEW.o
                0x08005e6c                SEGGER_SYSVIEW_SendSysDesc
 .text.SEGGER_SYSVIEW_RecordSystime
                0x08005eb4       0x64 ./SEGGER_RTT/SEGGER/SEGGER_SYSVIEW.o
                0x08005eb4                SEGGER_SYSVIEW_RecordSystime
 .text.SEGGER_SYSVIEW_RecordEnterISR
                0x08005f18       0x84 ./SEGGER_RTT/SEGGER/SEGGER_SYSVIEW.o
                0x08005f18                SEGGER_SYSVIEW_RecordEnterISR
 .text.SEGGER_SYSVIEW_RecordExitISR
                0x08005f9c       0x38 ./SEGGER_RTT/SEGGER/SEGGER_SYSVIEW.o
                0x08005f9c                SEGGER_SYSVIEW_RecordExitISR
 .text.SEGGER_SYSVIEW_RecordExitISRToScheduler
                0x08005fd4       0x38 ./SEGGER_RTT/SEGGER/SEGGER_SYSVIEW.o
                0x08005fd4                SEGGER_SYSVIEW_RecordExitISRToScheduler
 .text.SEGGER_SYSVIEW_OnIdle
                0x0800600c       0x38 ./SEGGER_RTT/SEGGER/SEGGER_SYSVIEW.o
                0x0800600c                SEGGER_SYSVIEW_OnIdle
 .text.SEGGER_SYSVIEW_OnTaskCreate
                0x08006044       0x84 ./SEGGER_RTT/SEGGER/SEGGER_SYSVIEW.o
                0x08006044                SEGGER_SYSVIEW_OnTaskCreate
 .text.SEGGER_SYSVIEW_OnTaskStartExec
                0x080060c8       0x84 ./SEGGER_RTT/SEGGER/SEGGER_SYSVIEW.o
                0x080060c8                SEGGER_SYSVIEW_OnTaskStartExec
 .text.SEGGER_SYSVIEW_OnTaskStartReady
                0x0800614c       0x84 ./SEGGER_RTT/SEGGER/SEGGER_SYSVIEW.o
                0x0800614c                SEGGER_SYSVIEW_OnTaskStartReady
 .text.SEGGER_SYSVIEW_OnTaskStopReady
                0x080061d0       0xc0 ./SEGGER_RTT/SEGGER/SEGGER_SYSVIEW.o
                0x080061d0                SEGGER_SYSVIEW_OnTaskStopReady
 .text.SEGGER_SYSVIEW_ShrinkId
                0x08006290       0x20 ./SEGGER_RTT/SEGGER/SEGGER_SYSVIEW.o
                0x08006290                SEGGER_SYSVIEW_ShrinkId
 .text.SEGGER_SYSVIEW_SendModule
                0x080062b0      0x114 ./SEGGER_RTT/SEGGER/SEGGER_SYSVIEW.o
                0x080062b0                SEGGER_SYSVIEW_SendModule
 .text.SEGGER_SYSVIEW_SendModuleDescription
                0x080063c4       0x3c ./SEGGER_RTT/SEGGER/SEGGER_SYSVIEW.o
                0x080063c4                SEGGER_SYSVIEW_SendModuleDescription
 .text.SEGGER_SYSVIEW_SendNumModules
                0x08006400       0x7c ./SEGGER_RTT/SEGGER/SEGGER_SYSVIEW.o
                0x08006400                SEGGER_SYSVIEW_SendNumModules
 .text.SEGGER_SYSVIEW_Warn
                0x0800647c       0xb8 ./SEGGER_RTT/SEGGER/SEGGER_SYSVIEW.o
                0x0800647c                SEGGER_SYSVIEW_Warn
 .text._cbSendTaskList
                0x08006534       0x90 ./SEGGER_RTT/SEGGER_OS/SEGGER_SYSVIEW_FreeRTOS.o
 .text._cbGetTime
                0x080065c4       0x86 ./SEGGER_RTT/SEGGER_OS/SEGGER_SYSVIEW_FreeRTOS.o
 *fill*         0x0800664a        0x2 
 .text.SYSVIEW_AddTask
                0x0800664c       0xd0 ./SEGGER_RTT/SEGGER_OS/SEGGER_SYSVIEW_FreeRTOS.o
                0x0800664c                SYSVIEW_AddTask
 .text.SYSVIEW_SendTaskInfo
                0x0800671c       0x42 ./SEGGER_RTT/SEGGER_OS/SEGGER_SYSVIEW_FreeRTOS.o
                0x0800671c                SYSVIEW_SendTaskInfo
 .text.memcmp   0x0800675e       0x20 /Applications/STM32CubeIDE.app/Contents/Eclipse/plugins/com.st.stm32cube.ide.mcu.externaltools.gnu-tools-for-stm32.13.3.rel1.macos64_1.0.0.202411102158/tools/bin/../lib/gcc/arm-none-eabi/13.3.1/../../../../arm-none-eabi/lib/thumb/v7e-m+fp/hard/libc_nano.a(libc_a-memcmp.o)
                0x0800675e                memcmp
 .text.memset   0x0800677e       0x10 /Applications/STM32CubeIDE.app/Contents/Eclipse/plugins/com.st.stm32cube.ide.mcu.externaltools.gnu-tools-for-stm32.13.3.rel1.macos64_1.0.0.202411102158/tools/bin/../lib/gcc/arm-none-eabi/13.3.1/../../../../arm-none-eabi/lib/thumb/v7e-m+fp/hard/libc_nano.a(libc_a-memset.o)
                0x0800677e                memset
 *fill*         0x0800678e        0x2 
 .text.__libc_init_array
                0x08006790       0x48 /Applications/STM32CubeIDE.app/Contents/Eclipse/plugins/com.st.stm32cube.ide.mcu.externaltools.gnu-tools-for-stm32.13.3.rel1.macos64_1.0.0.202411102158/tools/bin/../lib/gcc/arm-none-eabi/13.3.1/../../../../arm-none-eabi/lib/thumb/v7e-m+fp/hard/libc_nano.a(libc_a-init.o)
                0x08006790                __libc_init_array
 .text.__retarget_lock_acquire_recursive
                0x080067d8        0x2 /Applications/STM32CubeIDE.app/Contents/Eclipse/plugins/com.st.stm32cube.ide.mcu.externaltools.gnu-tools-for-stm32.13.3.rel1.macos64_1.0.0.202411102158/tools/bin/../lib/gcc/arm-none-eabi/13.3.1/../../../../arm-none-eabi/lib/thumb/v7e-m+fp/hard/libc_nano.a(libc_a-lock.o)
                0x080067d8                __retarget_lock_acquire_recursive
 .text.__retarget_lock_release_recursive
                0x080067da        0x2 /Applications/STM32CubeIDE.app/Contents/Eclipse/plugins/com.st.stm32cube.ide.mcu.externaltools.gnu-tools-for-stm32.13.3.rel1.macos64_1.0.0.202411102158/tools/bin/../lib/gcc/arm-none-eabi/13.3.1/../../../../arm-none-eabi/lib/thumb/v7e-m+fp/hard/libc_nano.a(libc_a-lock.o)
                0x080067da                __retarget_lock_release_recursive
 .text._reclaim_reent
                0x080067dc       0xbc /Applications/STM32CubeIDE.app/Contents/Eclipse/plugins/com.st.stm32cube.ide.mcu.externaltools.gnu-tools-for-stm32.13.3.rel1.macos64_1.0.0.202411102158/tools/bin/../lib/gcc/arm-none-eabi/13.3.1/../../../../arm-none-eabi/lib/thumb/v7e-m+fp/hard/libc_nano.a(libc_a-reent.o)
                0x080067dc                _reclaim_reent
 .text.memcpy   0x08006898       0x1c /Applications/STM32CubeIDE.app/Contents/Eclipse/plugins/com.st.stm32cube.ide.mcu.externaltools.gnu-tools-for-stm32.13.3.rel1.macos64_1.0.0.202411102158/tools/bin/../lib/gcc/arm-none-eabi/13.3.1/../../../../arm-none-eabi/lib/thumb/v7e-m+fp/hard/libc_nano.a(libc_a-memcpy-stub.o)
                0x08006898                memcpy
 .text._free_r  0x080068b4       0x94 /Applications/STM32CubeIDE.app/Contents/Eclipse/plugins/com.st.stm32cube.ide.mcu.externaltools.gnu-tools-for-stm32.13.3.rel1.macos64_1.0.0.202411102158/tools/bin/../lib/gcc/arm-none-eabi/13.3.1/../../../../arm-none-eabi/lib/thumb/v7e-m+fp/hard/libc_nano.a(libc_a-freer.o)
                0x080068b4                _free_r
 .text.__malloc_lock
                0x08006948        0xc /Applications/STM32CubeIDE.app/Contents/Eclipse/plugins/com.st.stm32cube.ide.mcu.externaltools.gnu-tools-for-stm32.13.3.rel1.macos64_1.0.0.202411102158/tools/bin/../lib/gcc/arm-none-eabi/13.3.1/../../../../arm-none-eabi/lib/thumb/v7e-m+fp/hard/libc_nano.a(libc_a-mlock.o)
                0x08006948                __malloc_lock
 .text.__malloc_unlock
                0x08006954        0xc /Applications/STM32CubeIDE.app/Contents/Eclipse/plugins/com.st.stm32cube.ide.mcu.externaltools.gnu-tools-for-stm32.13.3.rel1.macos64_1.0.0.202411102158/tools/bin/../lib/gcc/arm-none-eabi/13.3.1/../../../../arm-none-eabi/lib/thumb/v7e-m+fp/hard/libc_nano.a(libc_a-mlock.o)
                0x08006954                __malloc_unlock
 *(.glue_7)
 .glue_7        0x08006960        0x0 linker stubs
 *(.glue_7t)
 .glue_7t       0x08006960        0x0 linker stubs
 *(.eh_frame)
 .eh_frame      0x08006960        0x0 /Applications/STM32CubeIDE.app/Contents/Eclipse/plugins/com.st.stm32cube.ide.mcu.externaltools.gnu-tools-for-stm32.13.3.rel1.macos64_1.0.0.202411102158/tools/bin/../lib/gcc/arm-none-eabi/13.3.1/thumb/v7e-m+fp/hard/crtbegin.o
 *(.init)
 .init          0x08006960        0x4 /Applications/STM32CubeIDE.app/Contents/Eclipse/plugins/com.st.stm32cube.ide.mcu.externaltools.gnu-tools-for-stm32.13.3.rel1.macos64_1.0.0.202411102158/tools/bin/../lib/gcc/arm-none-eabi/13.3.1/thumb/v7e-m+fp/hard/crti.o
                0x08006960                _init
 .init          0x08006964        0x8 /Applications/STM32CubeIDE.app/Contents/Eclipse/plugins/com.st.stm32cube.ide.mcu.externaltools.gnu-tools-for-stm32.13.3.rel1.macos64_1.0.0.202411102158/tools/bin/../lib/gcc/arm-none-eabi/13.3.1/thumb/v7e-m+fp/hard/crtn.o
 *(.fini)
 .fini          0x0800696c        0x4 /Applications/STM32CubeIDE.app/Contents/Eclipse/plugins/com.st.stm32cube.ide.mcu.externaltools.gnu-tools-for-stm32.13.3.rel1.macos64_1.0.0.202411102158/tools/bin/../lib/gcc/arm-none-eabi/13.3.1/thumb/v7e-m+fp/hard/crti.o
                0x0800696c                _fini
 .fini          0x08006970        0x8 /Applications/STM32CubeIDE.app/Contents/Eclipse/plugins/com.st.stm32cube.ide.mcu.externaltools.gnu-tools-for-stm32.13.3.rel1.macos64_1.0.0.202411102158/tools/bin/../lib/gcc/arm-none-eabi/13.3.1/thumb/v7e-m+fp/hard/crtn.o
                0x08006978                        . = ALIGN (0x4)
                0x08006978                        _etext = .

.vfp11_veneer   0x08006978        0x0
 .vfp11_veneer  0x08006978        0x0 linker stubs

.v4_bx          0x08006978        0x0
 .v4_bx         0x08006978        0x0 linker stubs

.iplt           0x08006978        0x0
 .iplt          0x08006978        0x0 /Applications/STM32CubeIDE.app/Contents/Eclipse/plugins/com.st.stm32cube.ide.mcu.externaltools.gnu-tools-for-stm32.13.3.rel1.macos64_1.0.0.202411102158/tools/bin/../lib/gcc/arm-none-eabi/13.3.1/thumb/v7e-m+fp/hard/crtbegin.o

.rodata         0x08006978      0x23c
                0x08006978                        . = ALIGN (0x4)
 *(.rodata)
 .rodata        0x08006978       0xab ./Core/Src/FREE_RTOS_application.o
 *fill*         0x08006a23        0x1 
 .rodata        0x08006a24       0x47 ./Core/Src/SEGGER_application.o
 *fill*         0x08006a6b        0x1 
 .rodata        0x08006a6c       0x20 ./Core/Src/main.o
 .rodata        0x08006a8c        0x5 ./Middlewares/Third_Party/FreeRTOS/org/Source/tasks.o
 *fill*         0x08006a91        0x3 
 .rodata        0x08006a94        0xd ./Middlewares/Third_Party/FreeRTOS/org/Source/timers.o
 *fill*         0x08006aa1        0x3 
 .rodata        0x08006aa4       0x51 ./SEGGER_RTT/Config/SEGGER_SYSVIEW_Config_FreeRTOS.o
 *fill*         0x08006af5        0x3 
 .rodata        0x08006af8        0x9 ./SEGGER_RTT/SEGGER/SEGGER_RTT.o
 *fill*         0x08006b01        0x3 
 .rodata        0x08006b04        0x7 ./SEGGER_RTT/SEGGER/SEGGER_RTT_printf.o
 *fill*         0x08006b0b        0x1 
 .rodata        0x08006b0c       0x10 ./SEGGER_RTT/SEGGER/SEGGER_SYSVIEW.o
 .rodata        0x08006b1c       0x58 ./SEGGER_RTT/SEGGER_OS/SEGGER_SYSVIEW_FreeRTOS.o
 *(.rodata*)
 .rodata.APBPrescTable
                0x08006b74        0x8 ./Core/Src/system_stm32f4xx.o
                0x08006b74                APBPrescTable
 .rodata._aInitStr.0
                0x08006b7c       0x11 ./SEGGER_RTT/SEGGER/SEGGER_RTT.o
 *fill*         0x08006b8d        0x3 
 .rodata._aV2C.0
                0x08006b90       0x10 ./SEGGER_RTT/SEGGER/SEGGER_RTT_printf.o
 .rodata._abSync
                0x08006ba0        0xa ./SEGGER_RTT/SEGGER/SEGGER_SYSVIEW.o
 *fill*         0x08006baa        0x2 
 .rodata.SYSVIEW_X_OS_TraceAPI
                0x08006bac        0x8 ./SEGGER_RTT/SEGGER_OS/SEGGER_SYSVIEW_FreeRTOS.o
                0x08006bac                SYSVIEW_X_OS_TraceAPI
                0x08006bb4                        . = ALIGN (0x4)

.ARM.extab      0x08006bb4        0x0
                0x08006bb4                        . = ALIGN (0x4)
 *(.ARM.extab* .gnu.linkonce.armextab.*)
                0x08006bb4                        . = ALIGN (0x4)

.ARM            0x08006bb4        0x0
                0x08006bb4                        . = ALIGN (0x4)
                0x08006bb4                        __exidx_start = .
 *(.ARM.exidx*)
                0x08006bb4                        __exidx_end = .
                0x08006bb4                        . = ALIGN (0x4)

.preinit_array  0x08006bb4        0x0
                0x08006bb4                        . = ALIGN (0x4)
                0x08006bb4                        PROVIDE (__preinit_array_start = .)
 *(.preinit_array*)
                0x08006bb4                        PROVIDE (__preinit_array_end = .)
                0x08006bb4                        . = ALIGN (0x4)

.init_array     0x08006bb4        0x4
                0x08006bb4                        . = ALIGN (0x4)
                0x08006bb4                        PROVIDE (__init_array_start = .)
 *(SORT_BY_NAME(.init_array.*))
 *(.init_array*)
 .init_array    0x08006bb4        0x4 /Applications/STM32CubeIDE.app/Contents/Eclipse/plugins/com.st.stm32cube.ide.mcu.externaltools.gnu-tools-for-stm32.13.3.rel1.macos64_1.0.0.202411102158/tools/bin/../lib/gcc/arm-none-eabi/13.3.1/thumb/v7e-m+fp/hard/crtbegin.o
                0x08006bb8                        PROVIDE (__init_array_end = .)
                0x08006bb8                        . = ALIGN (0x4)

.fini_array     0x08006bb8        0x4
                0x08006bb8                        . = ALIGN (0x4)
                [!provide]                        PROVIDE (__fini_array_start = .)
 *(SORT_BY_NAME(.fini_array.*))
 *(.fini_array*)
 .fini_array    0x08006bb8        0x4 /Applications/STM32CubeIDE.app/Contents/Eclipse/plugins/com.st.stm32cube.ide.mcu.externaltools.gnu-tools-for-stm32.13.3.rel1.macos64_1.0.0.202411102158/tools/bin/../lib/gcc/arm-none-eabi/13.3.1/thumb/v7e-m+fp/hard/crtbegin.o
                [!provide]                        PROVIDE (__fini_array_end = .)
                0x08006bbc                        . = ALIGN (0x4)
                0x08006bbc                        _sidata = LOADADDR (.data)

.rel.dyn        0x08006bbc        0x0
 .rel.iplt      0x08006bbc        0x0 /Applications/STM32CubeIDE.app/Contents/Eclipse/plugins/com.st.stm32cube.ide.mcu.externaltools.gnu-tools-for-stm32.13.3.rel1.macos64_1.0.0.202411102158/tools/bin/../lib/gcc/arm-none-eabi/13.3.1/thumb/v7e-m+fp/hard/crtbegin.o

.data           0x20000000       0x60 load address 0x08006bbc
                0x20000000                        . = ALIGN (0x4)
                0x20000000                        _sdata = .
 *(.data)
 *(.data*)
 .data.SystemCoreClock
                0x20000000        0x4 ./Core/Src/system_stm32f4xx.o
                0x20000000                SystemCoreClock
 .data.uwTickPrio
                0x20000004        0x4 ./Drivers/STM32F4xx_HAL_Driver/Src/stm32f4xx_hal.o
                0x20000004                uwTickPrio
 .data.uwTickFreq
                0x20000008        0x1 ./Drivers/STM32F4xx_HAL_Driver/Src/stm32f4xx_hal.o
                0x20000008                uwTickFreq
 *fill*         0x20000009        0x3 
 .data.uxCriticalNesting
                0x2000000c        0x4 ./Middlewares/Third_Party/FreeRTOS/org/Source/portable/GCC/ARM_CM4F/port.o
 .data._impure_ptr
                0x20000010        0x4 /Applications/STM32CubeIDE.app/Contents/Eclipse/plugins/com.st.stm32cube.ide.mcu.externaltools.gnu-tools-for-stm32.13.3.rel1.macos64_1.0.0.202411102158/tools/bin/../lib/gcc/arm-none-eabi/13.3.1/../../../../arm-none-eabi/lib/thumb/v7e-m+fp/hard/libc_nano.a(libc_a-impure.o)
                0x20000010                _impure_ptr
 .data._impure_data
                0x20000014       0x4c /Applications/STM32CubeIDE.app/Contents/Eclipse/plugins/com.st.stm32cube.ide.mcu.externaltools.gnu-tools-for-stm32.13.3.rel1.macos64_1.0.0.202411102158/tools/bin/../lib/gcc/arm-none-eabi/13.3.1/../../../../arm-none-eabi/lib/thumb/v7e-m+fp/hard/libc_nano.a(libc_a-impure.o)
                0x20000014                _impure_data
 *(.RamFunc)
 *(.RamFunc*)
                0x20000060                        . = ALIGN (0x4)
                0x20000060                        _edata = .
                0x08006c1c                        _siccmram = LOADADDR (.ccmram)

.igot.plt       0x20000060        0x0 load address 0x08006c1c
 .igot.plt      0x20000060        0x0 /Applications/STM32CubeIDE.app/Contents/Eclipse/plugins/com.st.stm32cube.ide.mcu.externaltools.gnu-tools-for-stm32.13.3.rel1.macos64_1.0.0.202411102158/tools/bin/../lib/gcc/arm-none-eabi/13.3.1/thumb/v7e-m+fp/hard/crtbegin.o

.ccmram         0x10000000        0x0 load address 0x08006c1c
                0x10000000                        . = ALIGN (0x4)
                0x10000000                        _sccmram = .
 *(.ccmram)
 *(.ccmram*)
                0x10000000                        . = ALIGN (0x4)
                0x10000000                        _eccmram = .
                0x10000000                        . = ALIGN (0x4)

.bss            0x20000060     0x6604
                0x20000060                        _sbss = .
                0x20000060                        __bss_start__ = _sbss
 *(.bss)
 .bss           0x20000060       0x1c /Applications/STM32CubeIDE.app/Contents/Eclipse/plugins/com.st.stm32cube.ide.mcu.externaltools.gnu-tools-for-stm32.13.3.rel1.macos64_1.0.0.202411102158/tools/bin/../lib/gcc/arm-none-eabi/13.3.1/thumb/v7e-m+fp/hard/crtbegin.o
 *(.bss*)
 .bss.taskHandleOne
                0x2000007c        0x4 ./Core/Src/FREE_RTOS_application.o
 .bss.taskHandleTwo
                0x20000080        0x4 ./Core/Src/FREE_RTOS_application.o
 .bss.taskHandleThree
                0x20000084        0x4 ./Core/Src/FREE_RTOS_application.o
 .bss.taskHandleFour
                0x20000088        0x4 ./Core/Src/FREE_RTOS_application.o
 .bss.defaultTaskHandle
                0x2000008c        0x4 ./Core/Src/main.o
                0x2000008c                defaultTaskHandle
 .bss.htim6     0x20000090       0x48 ./Core/Src/stm32f4xx_hal_timebase_tim.o
                0x20000090                htim6
 .bss.uwTick    0x200000d8        0x4 ./Drivers/STM32F4xx_HAL_Driver/Src/stm32f4xx_hal.o
                0x200000d8                uwTick
 .bss.xQueueRegistry
                0x200000dc       0x40 ./Middlewares/Third_Party/FreeRTOS/org/Source/queue.o
                0x200000dc                xQueueRegistry
 .bss.pxCurrentTCB
                0x2000011c        0x4 ./Middlewares/Third_Party/FreeRTOS/org/Source/tasks.o
                0x2000011c                pxCurrentTCB
 .bss.pxReadyTasksLists
                0x20000120       0x8c ./Middlewares/Third_Party/FreeRTOS/org/Source/tasks.o
 .bss.xDelayedTaskList1
                0x200001ac       0x14 ./Middlewares/Third_Party/FreeRTOS/org/Source/tasks.o
 .bss.xDelayedTaskList2
                0x200001c0       0x14 ./Middlewares/Third_Party/FreeRTOS/org/Source/tasks.o
 .bss.pxDelayedTaskList
                0x200001d4        0x4 ./Middlewares/Third_Party/FreeRTOS/org/Source/tasks.o
 .bss.pxOverflowDelayedTaskList
                0x200001d8        0x4 ./Middlewares/Third_Party/FreeRTOS/org/Source/tasks.o
 .bss.xPendingReadyList
                0x200001dc       0x14 ./Middlewares/Third_Party/FreeRTOS/org/Source/tasks.o
 .bss.xTasksWaitingTermination
                0x200001f0       0x14 ./Middlewares/Third_Party/FreeRTOS/org/Source/tasks.o
 .bss.uxDeletedTasksWaitingCleanUp
                0x20000204        0x4 ./Middlewares/Third_Party/FreeRTOS/org/Source/tasks.o
 .bss.xSuspendedTaskList
                0x20000208       0x14 ./Middlewares/Third_Party/FreeRTOS/org/Source/tasks.o
 .bss.uxCurrentNumberOfTasks
                0x2000021c        0x4 ./Middlewares/Third_Party/FreeRTOS/org/Source/tasks.o
 .bss.xTickCount
                0x20000220        0x4 ./Middlewares/Third_Party/FreeRTOS/org/Source/tasks.o
 .bss.uxTopReadyPriority
                0x20000224        0x4 ./Middlewares/Third_Party/FreeRTOS/org/Source/tasks.o
 .bss.xSchedulerRunning
                0x20000228        0x4 ./Middlewares/Third_Party/FreeRTOS/org/Source/tasks.o
 .bss.xPendedTicks
                0x2000022c        0x4 ./Middlewares/Third_Party/FreeRTOS/org/Source/tasks.o
 .bss.xYieldPending
                0x20000230        0x4 ./Middlewares/Third_Party/FreeRTOS/org/Source/tasks.o
 .bss.xNumOfOverflows
                0x20000234        0x4 ./Middlewares/Third_Party/FreeRTOS/org/Source/tasks.o
 .bss.uxTaskNumber
                0x20000238        0x4 ./Middlewares/Third_Party/FreeRTOS/org/Source/tasks.o
 .bss.xNextTaskUnblockTime
                0x2000023c        0x4 ./Middlewares/Third_Party/FreeRTOS/org/Source/tasks.o
 .bss.xIdleTaskHandle
                0x20000240        0x4 ./Middlewares/Third_Party/FreeRTOS/org/Source/tasks.o
 .bss.uxSchedulerSuspended
                0x20000244        0x4 ./Middlewares/Third_Party/FreeRTOS/org/Source/tasks.o
 .bss.xActiveTimerList1
                0x20000248       0x14 ./Middlewares/Third_Party/FreeRTOS/org/Source/timers.o
 .bss.xActiveTimerList2
                0x2000025c       0x14 ./Middlewares/Third_Party/FreeRTOS/org/Source/timers.o
 .bss.pxCurrentTimerList
                0x20000270        0x4 ./Middlewares/Third_Party/FreeRTOS/org/Source/timers.o
 .bss.pxOverflowTimerList
                0x20000274        0x4 ./Middlewares/Third_Party/FreeRTOS/org/Source/timers.o
 .bss.xTimerQueue
                0x20000278        0x4 ./Middlewares/Third_Party/FreeRTOS/org/Source/timers.o
 .bss.xTimerTaskHandle
                0x2000027c        0x4 ./Middlewares/Third_Party/FreeRTOS/org/Source/timers.o
 .bss.xLastTime.0
                0x20000280        0x4 ./Middlewares/Third_Party/FreeRTOS/org/Source/timers.o
 .bss.ucMaxSysCallPriority
                0x20000284        0x1 ./Middlewares/Third_Party/FreeRTOS/org/Source/portable/GCC/ARM_CM4F/port.o
 *fill*         0x20000285        0x3 
 .bss.ulMaxPRIGROUPValue
                0x20000288        0x4 ./Middlewares/Third_Party/FreeRTOS/org/Source/portable/GCC/ARM_CM4F/port.o
 .bss.ucHeap    0x2000028c     0x3c00 ./Middlewares/Third_Party/FreeRTOS/org/Source/portable/MemMang/heap_4.o
 .bss.xStart    0x20003e8c        0x8 ./Middlewares/Third_Party/FreeRTOS/org/Source/portable/MemMang/heap_4.o
 .bss.pxEnd     0x20003e94        0x4 ./Middlewares/Third_Party/FreeRTOS/org/Source/portable/MemMang/heap_4.o
 .bss.xFreeBytesRemaining
                0x20003e98        0x4 ./Middlewares/Third_Party/FreeRTOS/org/Source/portable/MemMang/heap_4.o
 .bss.xMinimumEverFreeBytesRemaining
                0x20003e9c        0x4 ./Middlewares/Third_Party/FreeRTOS/org/Source/portable/MemMang/heap_4.o
 .bss.xNumberOfSuccessfulAllocations
                0x20003ea0        0x4 ./Middlewares/Third_Party/FreeRTOS/org/Source/portable/MemMang/heap_4.o
 .bss.xNumberOfSuccessfulFrees
                0x20003ea4        0x4 ./Middlewares/Third_Party/FreeRTOS/org/Source/portable/MemMang/heap_4.o
 .bss.xBlockAllocatedBit
                0x20003ea8        0x4 ./Middlewares/Third_Party/FreeRTOS/org/Source/portable/MemMang/heap_4.o
 .bss._SEGGER_RTT
                0x20003eac       0xa8 ./SEGGER_RTT/SEGGER/SEGGER_RTT.o
                0x20003eac                _SEGGER_RTT
 .bss._acUpBuffer
                0x20003f54      0x400 ./SEGGER_RTT/SEGGER/SEGGER_RTT.o
 .bss._acDownBuffer
                0x20004354       0x10 ./SEGGER_RTT/SEGGER/SEGGER_RTT.o
 .bss._UpBuffer
                0x20004364     0x2000 ./SEGGER_RTT/SEGGER/SEGGER_SYSVIEW.o
 .bss._DownBuffer
                0x20006364        0x8 ./SEGGER_RTT/SEGGER/SEGGER_SYSVIEW.o
 .bss._SYSVIEW_Globals
                0x2000636c       0x28 ./SEGGER_RTT/SEGGER/SEGGER_SYSVIEW.o
 .bss._pFirstModule
                0x20006394        0x4 ./SEGGER_RTT/SEGGER/SEGGER_SYSVIEW.o
 .bss._NumModules
                0x20006398        0x1 ./SEGGER_RTT/SEGGER/SEGGER_SYSVIEW.o
 *fill*         0x20006399        0x3 
 .bss._aPacket  0x2000639c       0xe3 ./SEGGER_RTT/SEGGER/SEGGER_SYSVIEW.o
 *fill*         0x2000647f        0x1 
 .bss._aTasks   0x20006480       0xa0 ./SEGGER_RTT/SEGGER_OS/SEGGER_SYSVIEW_FreeRTOS.o
 .bss._NumTasks
                0x20006520        0x4 ./SEGGER_RTT/SEGGER_OS/SEGGER_SYSVIEW_FreeRTOS.o
 .bss.__sf      0x20006524      0x138 /Applications/STM32CubeIDE.app/Contents/Eclipse/plugins/com.st.stm32cube.ide.mcu.externaltools.gnu-tools-for-stm32.13.3.rel1.macos64_1.0.0.202411102158/tools/bin/../lib/gcc/arm-none-eabi/13.3.1/../../../../arm-none-eabi/lib/thumb/v7e-m+fp/hard/libc_nano.a(libc_a-findfp.o)
                0x20006524                __sf
 .bss.__lock___malloc_recursive_mutex
                0x2000665c        0x1 /Applications/STM32CubeIDE.app/Contents/Eclipse/plugins/com.st.stm32cube.ide.mcu.externaltools.gnu-tools-for-stm32.13.3.rel1.macos64_1.0.0.202411102158/tools/bin/../lib/gcc/arm-none-eabi/13.3.1/../../../../arm-none-eabi/lib/thumb/v7e-m+fp/hard/libc_nano.a(libc_a-lock.o)
                0x2000665c                __lock___malloc_recursive_mutex
 *fill*         0x2000665d        0x3 
 .bss.__malloc_free_list
                0x20006660        0x4 /Applications/STM32CubeIDE.app/Contents/Eclipse/plugins/com.st.stm32cube.ide.mcu.externaltools.gnu-tools-for-stm32.13.3.rel1.macos64_1.0.0.202411102158/tools/bin/../lib/gcc/arm-none-eabi/13.3.1/../../../../arm-none-eabi/lib/thumb/v7e-m+fp/hard/libc_nano.a(libc_a-mallocr.o)
                0x20006660                __malloc_free_list
 *(COMMON)
                0x20006664                        . = ALIGN (0x4)
                0x20006664                        _ebss = .
                0x20006664                        __bss_end__ = _ebss

._user_heap_stack
                0x20006664      0x604
                0x20006668                        . = ALIGN (0x8)
 *fill*         0x20006664        0x4 
                [!provide]                        PROVIDE (end = .)
                0x20006668                        PROVIDE (_end = .)
                0x20006868                        . = (. + _Min_Heap_Size)
 *fill*         0x20006668      0x200 
                0x20006c68                        . = (. + _Min_Stack_Size)
 *fill*         0x20006868      0x400 
                0x20006c68                        . = ALIGN (0x8)

/DISCARD/
 libc.a(*)
 libm.a(*)
 libgcc.a(*)

.ARM.attributes
                0x00000000       0x30
 *(.ARM.attributes)
 .ARM.attributes
                0x00000000       0x22 /Applications/STM32CubeIDE.app/Contents/Eclipse/plugins/com.st.stm32cube.ide.mcu.externaltools.gnu-tools-for-stm32.13.3.rel1.macos64_1.0.0.202411102158/tools/bin/../lib/gcc/arm-none-eabi/13.3.1/thumb/v7e-m+fp/hard/crti.o
 .ARM.attributes
                0x00000022       0x34 /Applications/STM32CubeIDE.app/Contents/Eclipse/plugins/com.st.stm32cube.ide.mcu.externaltools.gnu-tools-for-stm32.13.3.rel1.macos64_1.0.0.202411102158/tools/bin/../lib/gcc/arm-none-eabi/13.3.1/thumb/v7e-m+fp/hard/crtbegin.o
 .ARM.attributes
                0x00000056       0x34 ./Core/Src/FREE_RTOS_application.o
 .ARM.attributes
                0x0000008a       0x34 ./Core/Src/SEGGER_application.o
 .ARM.attributes
                0x000000be       0x34 ./Core/Src/led_application.o
 .ARM.attributes
                0x000000f2       0x34 ./Core/Src/main.o
 .ARM.attributes
                0x00000126       0x34 ./Core/Src/stm32f4xx_hal_msp.o
 .ARM.attributes
                0x0000015a       0x34 ./Core/Src/stm32f4xx_hal_timebase_tim.o
 .ARM.attributes
                0x0000018e       0x34 ./Core/Src/stm32f4xx_it.o
 .ARM.attributes
                0x000001c2       0x34 ./Core/Src/system_stm32f4xx.o
 .ARM.attributes
                0x000001f6       0x21 ./Core/Startup/startup_stm32f407vgtx.o
 .ARM.attributes
                0x00000217       0x34 ./Drivers/STM32F4xx_HAL_Driver/Src/stm32f4xx_hal.o
 .ARM.attributes
                0x0000024b       0x34 ./Drivers/STM32F4xx_HAL_Driver/Src/stm32f4xx_hal_cortex.o
 .ARM.attributes
                0x0000027f       0x34 ./Drivers/STM32F4xx_HAL_Driver/Src/stm32f4xx_hal_rcc.o
 .ARM.attributes
                0x000002b3       0x34 ./Drivers/STM32F4xx_HAL_Driver/Src/stm32f4xx_hal_tim.o
 .ARM.attributes
                0x000002e7       0x34 ./Drivers/STM32F4xx_HAL_Driver/Src/stm32f4xx_hal_tim_ex.o
 .ARM.attributes
                0x0000031b       0x34 ./Drivers/STM32F4xx_HAL_Driver/Src/stm32f4xx_ll_gpio.o
 .ARM.attributes
                0x0000034f       0x34 ./Drivers/STM32F4xx_HAL_Driver/Src/stm32f4xx_ll_utils.o
 .ARM.attributes
                0x00000383       0x34 ./Middlewares/Third_Party/FreeRTOS/org/Source/CMSIS_RTOS/cmsis_os.o
 .ARM.attributes
                0x000003b7       0x34 ./Middlewares/Third_Party/FreeRTOS/org/Source/list.o
 .ARM.attributes
                0x000003eb       0x34 ./Middlewares/Third_Party/FreeRTOS/org/Source/queue.o
 .ARM.attributes
                0x0000041f       0x34 ./Middlewares/Third_Party/FreeRTOS/org/Source/tasks.o
 .ARM.attributes
                0x00000453       0x34 ./Middlewares/Third_Party/FreeRTOS/org/Source/timers.o
 .ARM.attributes
                0x00000487       0x34 ./Middlewares/Third_Party/FreeRTOS/org/Source/portable/GCC/ARM_CM4F/port.o
 .ARM.attributes
                0x000004bb       0x34 ./Middlewares/Third_Party/FreeRTOS/org/Source/portable/MemMang/heap_4.o
 .ARM.attributes
                0x000004ef       0x34 ./SEGGER_RTT/Config/SEGGER_SYSVIEW_Config_FreeRTOS.o
 .ARM.attributes
                0x00000523       0x34 ./SEGGER_RTT/SEGGER/SEGGER_RTT.o
 .ARM.attributes
                0x00000557       0x20 ./SEGGER_RTT/SEGGER/SEGGER_RTT_ASM_ARMv7M.o
 .ARM.attributes
                0x00000577       0x34 ./SEGGER_RTT/SEGGER/SEGGER_RTT_printf.o
 .ARM.attributes
                0x000005ab       0x34 ./SEGGER_RTT/SEGGER/SEGGER_SYSVIEW.o
 .ARM.attributes
                0x000005df       0x34 ./SEGGER_RTT/SEGGER_OS/SEGGER_SYSVIEW_FreeRTOS.o
 .ARM.attributes
                0x00000613       0x34 /Applications/STM32CubeIDE.app/Contents/Eclipse/plugins/com.st.stm32cube.ide.mcu.externaltools.gnu-tools-for-stm32.13.3.rel1.macos64_1.0.0.202411102158/tools/bin/../lib/gcc/arm-none-eabi/13.3.1/../../../../arm-none-eabi/lib/thumb/v7e-m+fp/hard/libc_nano.a(libc_a-findfp.o)
 .ARM.attributes
                0x00000647       0x34 /Applications/STM32CubeIDE.app/Contents/Eclipse/plugins/com.st.stm32cube.ide.mcu.externaltools.gnu-tools-for-stm32.13.3.rel1.macos64_1.0.0.202411102158/tools/bin/../lib/gcc/arm-none-eabi/13.3.1/../../../../arm-none-eabi/lib/thumb/v7e-m+fp/hard/libc_nano.a(libc_a-memcmp.o)
 .ARM.attributes
                0x0000067b       0x34 /Applications/STM32CubeIDE.app/Contents/Eclipse/plugins/com.st.stm32cube.ide.mcu.externaltools.gnu-tools-for-stm32.13.3.rel1.macos64_1.0.0.202411102158/tools/bin/../lib/gcc/arm-none-eabi/13.3.1/../../../../arm-none-eabi/lib/thumb/v7e-m+fp/hard/libc_nano.a(libc_a-memset.o)
 .ARM.attributes
                0x000006af       0x34 /Applications/STM32CubeIDE.app/Contents/Eclipse/plugins/com.st.stm32cube.ide.mcu.externaltools.gnu-tools-for-stm32.13.3.rel1.macos64_1.0.0.202411102158/tools/bin/../lib/gcc/arm-none-eabi/13.3.1/../../../../arm-none-eabi/lib/thumb/v7e-m+fp/hard/libc_nano.a(libc_a-init.o)
 .ARM.attributes
                0x000006e3       0x34 /Applications/STM32CubeIDE.app/Contents/Eclipse/plugins/com.st.stm32cube.ide.mcu.externaltools.gnu-tools-for-stm32.13.3.rel1.macos64_1.0.0.202411102158/tools/bin/../lib/gcc/arm-none-eabi/13.3.1/../../../../arm-none-eabi/lib/thumb/v7e-m+fp/hard/libc_nano.a(libc_a-lock.o)
 .ARM.attributes
                0x00000717       0x34 /Applications/STM32CubeIDE.app/Contents/Eclipse/plugins/com.st.stm32cube.ide.mcu.externaltools.gnu-tools-for-stm32.13.3.rel1.macos64_1.0.0.202411102158/tools/bin/../lib/gcc/arm-none-eabi/13.3.1/../../../../arm-none-eabi/lib/thumb/v7e-m+fp/hard/libc_nano.a(libc_a-reent.o)
 .ARM.attributes
                0x0000074b       0x34 /Applications/STM32CubeIDE.app/Contents/Eclipse/plugins/com.st.stm32cube.ide.mcu.externaltools.gnu-tools-for-stm32.13.3.rel1.macos64_1.0.0.202411102158/tools/bin/../lib/gcc/arm-none-eabi/13.3.1/../../../../arm-none-eabi/lib/thumb/v7e-m+fp/hard/libc_nano.a(libc_a-impure.o)
 .ARM.attributes
                0x0000077f       0x34 /Applications/STM32CubeIDE.app/Contents/Eclipse/plugins/com.st.stm32cube.ide.mcu.externaltools.gnu-tools-for-stm32.13.3.rel1.macos64_1.0.0.202411102158/tools/bin/../lib/gcc/arm-none-eabi/13.3.1/../../../../arm-none-eabi/lib/thumb/v7e-m+fp/hard/libc_nano.a(libc_a-memcpy-stub.o)
 .ARM.attributes
                0x000007b3       0x34 /Applications/STM32CubeIDE.app/Contents/Eclipse/plugins/com.st.stm32cube.ide.mcu.externaltools.gnu-tools-for-stm32.13.3.rel1.macos64_1.0.0.202411102158/tools/bin/../lib/gcc/arm-none-eabi/13.3.1/../../../../arm-none-eabi/lib/thumb/v7e-m+fp/hard/libc_nano.a(libc_a-freer.o)
 .ARM.attributes
                0x000007e7       0x34 /Applications/STM32CubeIDE.app/Contents/Eclipse/plugins/com.st.stm32cube.ide.mcu.externaltools.gnu-tools-for-stm32.13.3.rel1.macos64_1.0.0.202411102158/tools/bin/../lib/gcc/arm-none-eabi/13.3.1/../../../../arm-none-eabi/lib/thumb/v7e-m+fp/hard/libc_nano.a(libc_a-mallocr.o)
 .ARM.attributes
                0x0000081b       0x34 /Applications/STM32CubeIDE.app/Contents/Eclipse/plugins/com.st.stm32cube.ide.mcu.externaltools.gnu-tools-for-stm32.13.3.rel1.macos64_1.0.0.202411102158/tools/bin/../lib/gcc/arm-none-eabi/13.3.1/../../../../arm-none-eabi/lib/thumb/v7e-m+fp/hard/libc_nano.a(libc_a-mlock.o)
 .ARM.attributes
                0x0000084f       0x22 /Applications/STM32CubeIDE.app/Contents/Eclipse/plugins/com.st.stm32cube.ide.mcu.externaltools.gnu-tools-for-stm32.13.3.rel1.macos64_1.0.0.202411102158/tools/bin/../lib/gcc/arm-none-eabi/13.3.1/thumb/v7e-m+fp/hard/crtn.o
OUTPUT(Embedded_Practise.elf elf32-littlearm)
LOAD linker stubs
LOAD /Applications/STM32CubeIDE.app/Contents/Eclipse/plugins/com.st.stm32cube.ide.mcu.externaltools.gnu-tools-for-stm32.13.3.rel1.macos64_1.0.0.202411102158/tools/bin/../lib/gcc/arm-none-eabi/13.3.1/../../../../arm-none-eabi/lib/thumb/v7e-m+fp/hard/libc.a
LOAD /Applications/STM32CubeIDE.app/Contents/Eclipse/plugins/com.st.stm32cube.ide.mcu.externaltools.gnu-tools-for-stm32.13.3.rel1.macos64_1.0.0.202411102158/tools/bin/../lib/gcc/arm-none-eabi/13.3.1/../../../../arm-none-eabi/lib/thumb/v7e-m+fp/hard/libm.a
LOAD /Applications/STM32CubeIDE.app/Contents/Eclipse/plugins/com.st.stm32cube.ide.mcu.externaltools.gnu-tools-for-stm32.13.3.rel1.macos64_1.0.0.202411102158/tools/bin/../lib/gcc/arm-none-eabi/13.3.1/thumb/v7e-m+fp/hard/libgcc.a

.debug_info     0x00000000    0x17549
 .debug_info    0x00000000      0x3ff ./Core/Src/FREE_RTOS_application.o
 .debug_info    0x000003ff      0x155 ./Core/Src/SEGGER_application.o
 .debug_info    0x00000554      0x314 ./Core/Src/led_application.o
 .debug_info    0x00000868     0x112b ./Core/Src/main.o
 .debug_info    0x00001993      0x4fb ./Core/Src/stm32f4xx_hal_msp.o
 .debug_info    0x00001e8e      0xbea ./Core/Src/stm32f4xx_hal_timebase_tim.o
 .debug_info    0x00002a78      0x6eb ./Core/Src/stm32f4xx_it.o
 .debug_info    0x00003163      0x50e ./Core/Src/system_stm32f4xx.o
 .debug_info    0x00003671       0x30 ./Core/Startup/startup_stm32f407vgtx.o
 .debug_info    0x000036a1      0x940 ./Drivers/STM32F4xx_HAL_Driver/Src/stm32f4xx_hal.o
 .debug_info    0x00003fe1      0xd88 ./Drivers/STM32F4xx_HAL_Driver/Src/stm32f4xx_hal_cortex.o
 .debug_info    0x00004d69      0x8bf ./Drivers/STM32F4xx_HAL_Driver/Src/stm32f4xx_hal_rcc.o
 .debug_info    0x00005628     0x2999 ./Drivers/STM32F4xx_HAL_Driver/Src/stm32f4xx_hal_tim.o
 .debug_info    0x00007fc1     0x14d7 ./Drivers/STM32F4xx_HAL_Driver/Src/stm32f4xx_hal_tim_ex.o
 .debug_info    0x00009498      0x923 ./Drivers/STM32F4xx_HAL_Driver/Src/stm32f4xx_ll_gpio.o
 .debug_info    0x00009dbb      0x8f8 ./Drivers/STM32F4xx_HAL_Driver/Src/stm32f4xx_ll_utils.o
 .debug_info    0x0000a6b3     0x17c2 ./Middlewares/Third_Party/FreeRTOS/org/Source/CMSIS_RTOS/cmsis_os.o
 .debug_info    0x0000be75      0x2b2 ./Middlewares/Third_Party/FreeRTOS/org/Source/list.o
 .debug_info    0x0000c127     0x15f7 ./Middlewares/Third_Party/FreeRTOS/org/Source/queue.o
 .debug_info    0x0000d71e     0x240e ./Middlewares/Third_Party/FreeRTOS/org/Source/tasks.o
 .debug_info    0x0000fb2c      0xde3 ./Middlewares/Third_Party/FreeRTOS/org/Source/timers.o
 .debug_info    0x0001090f      0x563 ./Middlewares/Third_Party/FreeRTOS/org/Source/portable/GCC/ARM_CM4F/port.o
 .debug_info    0x00010e72      0x4d8 ./Middlewares/Third_Party/FreeRTOS/org/Source/portable/MemMang/heap_4.o
 .debug_info    0x0001134a      0x17d ./SEGGER_RTT/Config/SEGGER_SYSVIEW_Config_FreeRTOS.o
 .debug_info    0x000114c7     0x14d1 ./SEGGER_RTT/SEGGER/SEGGER_RTT.o
 .debug_info    0x00012998       0x25 ./SEGGER_RTT/SEGGER/SEGGER_RTT_ASM_ARMv7M.o
 .debug_info    0x000129bd      0x41f ./SEGGER_RTT/SEGGER/SEGGER_RTT_printf.o
 .debug_info    0x00012ddc     0x434b ./SEGGER_RTT/SEGGER/SEGGER_SYSVIEW.o
 .debug_info    0x00017127      0x422 ./SEGGER_RTT/SEGGER_OS/SEGGER_SYSVIEW_FreeRTOS.o

.debug_abbrev   0x00000000     0x3b46
 .debug_abbrev  0x00000000      0x17d ./Core/Src/FREE_RTOS_application.o
 .debug_abbrev  0x0000017d       0xbe ./Core/Src/SEGGER_application.o
 .debug_abbrev  0x0000023b      0x172 ./Core/Src/led_application.o
 .debug_abbrev  0x000003ad      0x37d ./Core/Src/main.o
 .debug_abbrev  0x0000072a      0x11c ./Core/Src/stm32f4xx_hal_msp.o
 .debug_abbrev  0x00000846      0x1f2 ./Core/Src/stm32f4xx_hal_timebase_tim.o
 .debug_abbrev  0x00000a38      0x193 ./Core/Src/stm32f4xx_it.o
 .debug_abbrev  0x00000bcb      0x118 ./Core/Src/system_stm32f4xx.o
 .debug_abbrev  0x00000ce3       0x24 ./Core/Startup/startup_stm32f407vgtx.o
 .debug_abbrev  0x00000d07      0x212 ./Drivers/STM32F4xx_HAL_Driver/Src/stm32f4xx_hal.o
 .debug_abbrev  0x00000f19      0x31b ./Drivers/STM32F4xx_HAL_Driver/Src/stm32f4xx_hal_cortex.o
 .debug_abbrev  0x00001234      0x2b5 ./Drivers/STM32F4xx_HAL_Driver/Src/stm32f4xx_hal_rcc.o
 .debug_abbrev  0x000014e9      0x276 ./Drivers/STM32F4xx_HAL_Driver/Src/stm32f4xx_hal_tim.o
 .debug_abbrev  0x0000175f      0x281 ./Drivers/STM32F4xx_HAL_Driver/Src/stm32f4xx_hal_tim_ex.o
 .debug_abbrev  0x000019e0      0x235 ./Drivers/STM32F4xx_HAL_Driver/Src/stm32f4xx_ll_gpio.o
 .debug_abbrev  0x00001c15      0x221 ./Drivers/STM32F4xx_HAL_Driver/Src/stm32f4xx_ll_utils.o
 .debug_abbrev  0x00001e36      0x3aa ./Middlewares/Third_Party/FreeRTOS/org/Source/CMSIS_RTOS/cmsis_os.o
 .debug_abbrev  0x000021e0       0xf3 ./Middlewares/Third_Party/FreeRTOS/org/Source/list.o
 .debug_abbrev  0x000022d3      0x34c ./Middlewares/Third_Party/FreeRTOS/org/Source/queue.o
 .debug_abbrev  0x0000261f      0x404 ./Middlewares/Third_Party/FreeRTOS/org/Source/tasks.o
 .debug_abbrev  0x00002a23      0x2c1 ./Middlewares/Third_Party/FreeRTOS/org/Source/timers.o
 .debug_abbrev  0x00002ce4      0x263 ./Middlewares/Third_Party/FreeRTOS/org/Source/portable/GCC/ARM_CM4F/port.o
 .debug_abbrev  0x00002f47      0x21b ./Middlewares/Third_Party/FreeRTOS/org/Source/portable/MemMang/heap_4.o
 .debug_abbrev  0x00003162       0xec ./SEGGER_RTT/Config/SEGGER_SYSVIEW_Config_FreeRTOS.o
 .debug_abbrev  0x0000324e      0x22e ./SEGGER_RTT/SEGGER/SEGGER_RTT.o
 .debug_abbrev  0x0000347c       0x14 ./SEGGER_RTT/SEGGER/SEGGER_RTT_ASM_ARMv7M.o
 .debug_abbrev  0x00003490      0x1ba ./SEGGER_RTT/SEGGER/SEGGER_RTT_printf.o
 .debug_abbrev  0x0000364a      0x33e ./SEGGER_RTT/SEGGER/SEGGER_SYSVIEW.o
 .debug_abbrev  0x00003988      0x1be ./SEGGER_RTT/SEGGER_OS/SEGGER_SYSVIEW_FreeRTOS.o

.debug_aranges  0x00000000     0x1788
 .debug_aranges
                0x00000000       0x48 ./Core/Src/FREE_RTOS_application.o
 .debug_aranges
                0x00000048       0x30 ./Core/Src/SEGGER_application.o
 .debug_aranges
                0x00000078       0x78 ./Core/Src/led_application.o
 .debug_aranges
                0x000000f0       0xc8 ./Core/Src/main.o
 .debug_aranges
                0x000001b8       0x20 ./Core/Src/stm32f4xx_hal_msp.o
 .debug_aranges
                0x000001d8       0x30 ./Core/Src/stm32f4xx_hal_timebase_tim.o
 .debug_aranges
                0x00000208       0x50 ./Core/Src/stm32f4xx_it.o
 .debug_aranges
                0x00000258       0x28 ./Core/Src/system_stm32f4xx.o
 .debug_aranges
                0x00000280       0x28 ./Core/Startup/startup_stm32f407vgtx.o
 .debug_aranges
                0x000002a8       0xf0 ./Drivers/STM32F4xx_HAL_Driver/Src/stm32f4xx_hal.o
 .debug_aranges
                0x00000398      0x130 ./Drivers/STM32F4xx_HAL_Driver/Src/stm32f4xx_hal_cortex.o
 .debug_aranges
                0x000004c8       0x88 ./Drivers/STM32F4xx_HAL_Driver/Src/stm32f4xx_hal_rcc.o
 .debug_aranges
                0x00000550      0x3d0 ./Drivers/STM32F4xx_HAL_Driver/Src/stm32f4xx_hal_tim.o
 .debug_aranges
                0x00000920      0x168 ./Drivers/STM32F4xx_HAL_Driver/Src/stm32f4xx_hal_tim_ex.o
 .debug_aranges
                0x00000a88       0x70 ./Drivers/STM32F4xx_HAL_Driver/Src/stm32f4xx_ll_gpio.o
 .debug_aranges
                0x00000af8       0xf8 ./Drivers/STM32F4xx_HAL_Driver/Src/stm32f4xx_ll_utils.o
 .debug_aranges
                0x00000bf0      0x1d8 ./Middlewares/Third_Party/FreeRTOS/org/Source/CMSIS_RTOS/cmsis_os.o
 .debug_aranges
                0x00000dc8       0x40 ./Middlewares/Third_Party/FreeRTOS/org/Source/list.o
 .debug_aranges
                0x00000e08      0x100 ./Middlewares/Third_Party/FreeRTOS/org/Source/queue.o
 .debug_aranges
                0x00000f08      0x1d0 ./Middlewares/Third_Party/FreeRTOS/org/Source/tasks.o
 .debug_aranges
                0x000010d8       0xc8 ./Middlewares/Third_Party/FreeRTOS/org/Source/timers.o
 .debug_aranges
                0x000011a0       0x88 ./Middlewares/Third_Party/FreeRTOS/org/Source/portable/GCC/ARM_CM4F/port.o
 .debug_aranges
                0x00001228       0x58 ./Middlewares/Third_Party/FreeRTOS/org/Source/portable/MemMang/heap_4.o
 .debug_aranges
                0x00001280       0x28 ./SEGGER_RTT/Config/SEGGER_SYSVIEW_Config_FreeRTOS.o
 .debug_aranges
                0x000012a8      0x138 ./SEGGER_RTT/SEGGER/SEGGER_RTT.o
 .debug_aranges
                0x000013e0       0x20 ./SEGGER_RTT/SEGGER/SEGGER_RTT_ASM_ARMv7M.o
 .debug_aranges
                0x00001400       0x40 ./SEGGER_RTT/SEGGER/SEGGER_RTT_printf.o
 .debug_aranges
                0x00001440      0x300 ./SEGGER_RTT/SEGGER/SEGGER_SYSVIEW.o
 .debug_aranges
                0x00001740       0x48 ./SEGGER_RTT/SEGGER_OS/SEGGER_SYSVIEW_FreeRTOS.o

.debug_rnglists
                0x00000000     0x1200
 .debug_rnglists
                0x00000000       0x32 ./Core/Src/FREE_RTOS_application.o
 .debug_rnglists
                0x00000032       0x1f ./Core/Src/SEGGER_application.o
 .debug_rnglists
                0x00000051       0x55 ./Core/Src/led_application.o
 .debug_rnglists
                0x000000a6       0x92 ./Core/Src/main.o
 .debug_rnglists
                0x00000138       0x13 ./Core/Src/stm32f4xx_hal_msp.o
 .debug_rnglists
                0x0000014b       0x20 ./Core/Src/stm32f4xx_hal_timebase_tim.o
 .debug_rnglists
                0x0000016b       0x37 ./Core/Src/stm32f4xx_it.o
 .debug_rnglists
                0x000001a2       0x1a ./Core/Src/system_stm32f4xx.o
 .debug_rnglists
                0x000001bc       0x19 ./Core/Startup/startup_stm32f407vgtx.o
 .debug_rnglists
                0x000001d5       0xaf ./Drivers/STM32F4xx_HAL_Driver/Src/stm32f4xx_hal.o
 .debug_rnglists
                0x00000284       0xe0 ./Drivers/STM32F4xx_HAL_Driver/Src/stm32f4xx_hal_cortex.o
 .debug_rnglists
                0x00000364       0x66 ./Drivers/STM32F4xx_HAL_Driver/Src/stm32f4xx_hal_rcc.o
 .debug_rnglists
                0x000003ca      0x31a ./Drivers/STM32F4xx_HAL_Driver/Src/stm32f4xx_hal_tim.o
 .debug_rnglists
                0x000006e4      0x125 ./Drivers/STM32F4xx_HAL_Driver/Src/stm32f4xx_hal_tim_ex.o
 .debug_rnglists
                0x00000809       0x51 ./Drivers/STM32F4xx_HAL_Driver/Src/stm32f4xx_ll_gpio.o
 .debug_rnglists
                0x0000085a       0xb8 ./Drivers/STM32F4xx_HAL_Driver/Src/stm32f4xx_ll_utils.o
 .debug_rnglists
                0x00000912      0x16a ./Middlewares/Third_Party/FreeRTOS/org/Source/CMSIS_RTOS/cmsis_os.o
 .debug_rnglists
                0x00000a7c       0x2b ./Middlewares/Third_Party/FreeRTOS/org/Source/list.o
 .debug_rnglists
                0x00000aa7       0xc6 ./Middlewares/Third_Party/FreeRTOS/org/Source/queue.o
 .debug_rnglists
                0x00000b6d      0x171 ./Middlewares/Third_Party/FreeRTOS/org/Source/tasks.o
 .debug_rnglists
                0x00000cde       0x97 ./Middlewares/Third_Party/FreeRTOS/org/Source/timers.o
 .debug_rnglists
                0x00000d75       0x64 ./Middlewares/Third_Party/FreeRTOS/org/Source/portable/GCC/ARM_CM4F/port.o
 .debug_rnglists
                0x00000dd9       0x42 ./Middlewares/Third_Party/FreeRTOS/org/Source/portable/MemMang/heap_4.o
 .debug_rnglists
                0x00000e1b       0x19 ./SEGGER_RTT/Config/SEGGER_SYSVIEW_Config_FreeRTOS.o
 .debug_rnglists
                0x00000e34       0xf5 ./SEGGER_RTT/SEGGER/SEGGER_RTT.o
 .debug_rnglists
                0x00000f29       0x3a ./SEGGER_RTT/SEGGER/SEGGER_RTT_printf.o
 .debug_rnglists
                0x00000f63      0x267 ./SEGGER_RTT/SEGGER/SEGGER_SYSVIEW.o
 .debug_rnglists
                0x000011ca       0x36 ./SEGGER_RTT/SEGGER_OS/SEGGER_SYSVIEW_FreeRTOS.o

.debug_line     0x00000000    0x11c7d
 .debug_line    0x00000000      0x452 ./Core/Src/FREE_RTOS_application.o
 .debug_line    0x00000452       0xf1 ./Core/Src/SEGGER_application.o
 .debug_line    0x00000543      0x3b8 ./Core/Src/led_application.o
 .debug_line    0x000008fb      0x7aa ./Core/Src/main.o
 .debug_line    0x000010a5      0x280 ./Core/Src/stm32f4xx_hal_msp.o
 .debug_line    0x00001325      0x360 ./Core/Src/stm32f4xx_hal_timebase_tim.o
 .debug_line    0x00001685      0x321 ./Core/Src/stm32f4xx_it.o
 .debug_line    0x000019a6      0x2e8 ./Core/Src/system_stm32f4xx.o
 .debug_line    0x00001c8e       0x7a ./Core/Startup/startup_stm32f407vgtx.o
 .debug_line    0x00001d08      0x5db ./Drivers/STM32F4xx_HAL_Driver/Src/stm32f4xx_hal.o
 .debug_line    0x000022e3      0x86b ./Drivers/STM32F4xx_HAL_Driver/Src/stm32f4xx_hal_cortex.o
 .debug_line    0x00002b4e      0x9f2 ./Drivers/STM32F4xx_HAL_Driver/Src/stm32f4xx_hal_rcc.o
 .debug_line    0x00003540     0x332e ./Drivers/STM32F4xx_HAL_Driver/Src/stm32f4xx_hal_tim.o
 .debug_line    0x0000686e     0x1519 ./Drivers/STM32F4xx_HAL_Driver/Src/stm32f4xx_hal_tim_ex.o
 .debug_line    0x00007d87      0x65f ./Drivers/STM32F4xx_HAL_Driver/Src/stm32f4xx_ll_gpio.o
 .debug_line    0x000083e6      0x7ce ./Drivers/STM32F4xx_HAL_Driver/Src/stm32f4xx_ll_utils.o
 .debug_line    0x00008bb4     0x10d2 ./Middlewares/Third_Party/FreeRTOS/org/Source/CMSIS_RTOS/cmsis_os.o
 .debug_line    0x00009c86      0x38f ./Middlewares/Third_Party/FreeRTOS/org/Source/list.o
 .debug_line    0x0000a015     0x12e3 ./Middlewares/Third_Party/FreeRTOS/org/Source/queue.o
 .debug_line    0x0000b2f8     0x18bd ./Middlewares/Third_Party/FreeRTOS/org/Source/tasks.o
 .debug_line    0x0000cbb5      0x992 ./Middlewares/Third_Party/FreeRTOS/org/Source/timers.o
 .debug_line    0x0000d547      0x696 ./Middlewares/Third_Party/FreeRTOS/org/Source/portable/GCC/ARM_CM4F/port.o
 .debug_line    0x0000dbdd      0x679 ./Middlewares/Third_Party/FreeRTOS/org/Source/portable/MemMang/heap_4.o
 .debug_line    0x0000e256      0x2a0 ./SEGGER_RTT/Config/SEGGER_SYSVIEW_Config_FreeRTOS.o
 .debug_line    0x0000e4f6      0xcca ./SEGGER_RTT/SEGGER/SEGGER_RTT.o
 .debug_line    0x0000f1c0       0x86 ./SEGGER_RTT/SEGGER/SEGGER_RTT_ASM_ARMv7M.o
 .debug_line    0x0000f246      0x4e4 ./SEGGER_RTT/SEGGER/SEGGER_RTT_printf.o
 .debug_line    0x0000f72a     0x1f3e ./SEGGER_RTT/SEGGER/SEGGER_SYSVIEW.o
 .debug_line    0x00011668      0x615 ./SEGGER_RTT/SEGGER_OS/SEGGER_SYSVIEW_FreeRTOS.o

.debug_str      0x00000000     0x7527
 .debug_str     0x00000000     0x7527 ./Core/Src/FREE_RTOS_application.o
                                0x36c (size before relaxing)
 .debug_str     0x00007527      0x23a ./Core/Src/SEGGER_application.o
 .debug_str     0x00007527      0x30a ./Core/Src/led_application.o
 .debug_str     0x00007527      0xed1 ./Core/Src/main.o
 .debug_str     0x00007527      0x809 ./Core/Src/stm32f4xx_hal_msp.o
 .debug_str     0x00007527      0xe89 ./Core/Src/stm32f4xx_hal_timebase_tim.o
 .debug_str     0x00007527      0x79b ./Core/Src/stm32f4xx_it.o
 .debug_str     0x00007527      0x392 ./Core/Src/system_stm32f4xx.o
 .debug_str     0x00007527       0x87 ./Core/Startup/startup_stm32f407vgtx.o
 .debug_str     0x00007527      0xb81 ./Drivers/STM32F4xx_HAL_Driver/Src/stm32f4xx_hal.o
 .debug_str     0x00007527      0xc92 ./Drivers/STM32F4xx_HAL_Driver/Src/stm32f4xx_hal_cortex.o
 .debug_str     0x00007527      0x712 ./Drivers/STM32F4xx_HAL_Driver/Src/stm32f4xx_hal_rcc.o
 .debug_str     0x00007527     0x171c ./Drivers/STM32F4xx_HAL_Driver/Src/stm32f4xx_hal_tim.o
 .debug_str     0x00007527      0xf28 ./Drivers/STM32F4xx_HAL_Driver/Src/stm32f4xx_hal_tim_ex.o
 .debug_str     0x00007527      0x4ac ./Drivers/STM32F4xx_HAL_Driver/Src/stm32f4xx_ll_gpio.o
 .debug_str     0x00007527      0x72a ./Drivers/STM32F4xx_HAL_Driver/Src/stm32f4xx_ll_utils.o
 .debug_str     0x00007527      0xea8 ./Middlewares/Third_Party/FreeRTOS/org/Source/CMSIS_RTOS/cmsis_os.o
 .debug_str     0x00007527      0x329 ./Middlewares/Third_Party/FreeRTOS/org/Source/list.o
 .debug_str     0x00007527      0xb3f ./Middlewares/Third_Party/FreeRTOS/org/Source/queue.o
 .debug_str     0x00007527     0x146a ./Middlewares/Third_Party/FreeRTOS/org/Source/tasks.o
 .debug_str     0x00007527      0x928 ./Middlewares/Third_Party/FreeRTOS/org/Source/timers.o
 .debug_str     0x00007527      0x522 ./Middlewares/Third_Party/FreeRTOS/org/Source/portable/GCC/ARM_CM4F/port.o
 .debug_str     0x00007527      0x542 ./Middlewares/Third_Party/FreeRTOS/org/Source/portable/MemMang/heap_4.o
 .debug_str     0x00007527      0x2d0 ./SEGGER_RTT/Config/SEGGER_SYSVIEW_Config_FreeRTOS.o
 .debug_str     0x00007527      0x6de ./SEGGER_RTT/SEGGER/SEGGER_RTT.o
 .debug_str     0x00007527       0x7e ./SEGGER_RTT/SEGGER/SEGGER_RTT_ASM_ARMv7M.o
 .debug_str     0x00007527      0x327 ./SEGGER_RTT/SEGGER/SEGGER_RTT_printf.o
 .debug_str     0x00007527     0x1358 ./SEGGER_RTT/SEGGER/SEGGER_SYSVIEW.o
 .debug_str     0x00007527      0x3c1 ./SEGGER_RTT/SEGGER_OS/SEGGER_SYSVIEW_FreeRTOS.o

.comment        0x00000000       0x43
 .comment       0x00000000       0x43 ./Core/Src/FREE_RTOS_application.o
                                 0x44 (size before relaxing)
 .comment       0x00000043       0x44 ./Core/Src/SEGGER_application.o
 .comment       0x00000043       0x44 ./Core/Src/led_application.o
 .comment       0x00000043       0x44 ./Core/Src/main.o
 .comment       0x00000043       0x44 ./Core/Src/stm32f4xx_hal_msp.o
 .comment       0x00000043       0x44 ./Core/Src/stm32f4xx_hal_timebase_tim.o
 .comment       0x00000043       0x44 ./Core/Src/stm32f4xx_it.o
 .comment       0x00000043       0x44 ./Core/Src/system_stm32f4xx.o
 .comment       0x00000043       0x44 ./Drivers/STM32F4xx_HAL_Driver/Src/stm32f4xx_hal.o
 .comment       0x00000043       0x44 ./Drivers/STM32F4xx_HAL_Driver/Src/stm32f4xx_hal_cortex.o
 .comment       0x00000043       0x44 ./Drivers/STM32F4xx_HAL_Driver/Src/stm32f4xx_hal_rcc.o
 .comment       0x00000043       0x44 ./Drivers/STM32F4xx_HAL_Driver/Src/stm32f4xx_hal_tim.o
 .comment       0x00000043       0x44 ./Drivers/STM32F4xx_HAL_Driver/Src/stm32f4xx_hal_tim_ex.o
 .comment       0x00000043       0x44 ./Drivers/STM32F4xx_HAL_Driver/Src/stm32f4xx_ll_gpio.o
 .comment       0x00000043       0x44 ./Drivers/STM32F4xx_HAL_Driver/Src/stm32f4xx_ll_utils.o
 .comment       0x00000043       0x44 ./Middlewares/Third_Party/FreeRTOS/org/Source/CMSIS_RTOS/cmsis_os.o
 .comment       0x00000043       0x44 ./Middlewares/Third_Party/FreeRTOS/org/Source/list.o
 .comment       0x00000043       0x44 ./Middlewares/Third_Party/FreeRTOS/org/Source/queue.o
 .comment       0x00000043       0x44 ./Middlewares/Third_Party/FreeRTOS/org/Source/tasks.o
 .comment       0x00000043       0x44 ./Middlewares/Third_Party/FreeRTOS/org/Source/timers.o
 .comment       0x00000043       0x44 ./Middlewares/Third_Party/FreeRTOS/org/Source/portable/GCC/ARM_CM4F/port.o
 .comment       0x00000043       0x44 ./Middlewares/Third_Party/FreeRTOS/org/Source/portable/MemMang/heap_4.o
 .comment       0x00000043       0x44 ./SEGGER_RTT/Config/SEGGER_SYSVIEW_Config_FreeRTOS.o
 .comment       0x00000043       0x44 ./SEGGER_RTT/SEGGER/SEGGER_RTT.o
 .comment       0x00000043       0x44 ./SEGGER_RTT/SEGGER/SEGGER_RTT_printf.o
 .comment       0x00000043       0x44 ./SEGGER_RTT/SEGGER/SEGGER_SYSVIEW.o
 .comment       0x00000043       0x44 ./SEGGER_RTT/SEGGER_OS/SEGGER_SYSVIEW_FreeRTOS.o

.debug_frame    0x00000000     0x642c
 .debug_frame   0x00000000       0xd4 ./Core/Src/FREE_RTOS_application.o
 .debug_frame   0x000000d4       0x7c ./Core/Src/SEGGER_application.o
 .debug_frame   0x00000150      0x1a4 ./Core/Src/led_application.o
 .debug_frame   0x000002f4      0x318 ./Core/Src/main.o
 .debug_frame   0x0000060c       0x34 ./Core/Src/stm32f4xx_hal_msp.o
 .debug_frame   0x00000640       0x74 ./Core/Src/stm32f4xx_hal_timebase_tim.o
 .debug_frame   0x000006b4       0xc4 ./Core/Src/stm32f4xx_it.o
 .debug_frame   0x00000778       0x58 ./Core/Src/system_stm32f4xx.o